Archive member included to satisfy reference by file (symbol)

c:/program files (x86)/stm32cubeide_1.5.1/stm32cubeide/plugins/com.st.stm32cube.ide.mcu.externaltools.gnu-tools-for-stm32.7-2018-q2-update.win32_1.5.0.202011040924/tools/bin/../lib/gcc/arm-none-eabi/7.3.1/../../../../arm-none-eabi/lib/thumb/v6-m\libc_nano.a(lib_a-exit.o)
                              c:/program files (x86)/stm32cubeide_1.5.1/stm32cubeide/plugins/com.st.stm32cube.ide.mcu.externaltools.gnu-tools-for-stm32.7-2018-q2-update.win32_1.5.0.202011040924/tools/bin/../lib/gcc/arm-none-eabi/7.3.1/../../../../arm-none-eabi/lib/thumb/v6-m/crt0.o (exit)
c:/program files (x86)/stm32cubeide_1.5.1/stm32cubeide/plugins/com.st.stm32cube.ide.mcu.externaltools.gnu-tools-for-stm32.7-2018-q2-update.win32_1.5.0.202011040924/tools/bin/../lib/gcc/arm-none-eabi/7.3.1/../../../../arm-none-eabi/lib/thumb/v6-m\libc_nano.a(lib_a-impure.o)
                              c:/program files (x86)/stm32cubeide_1.5.1/stm32cubeide/plugins/com.st.stm32cube.ide.mcu.externaltools.gnu-tools-for-stm32.7-2018-q2-update.win32_1.5.0.202011040924/tools/bin/../lib/gcc/arm-none-eabi/7.3.1/../../../../arm-none-eabi/lib/thumb/v6-m\libc_nano.a(lib_a-exit.o) (_global_impure_ptr)
c:/program files (x86)/stm32cubeide_1.5.1/stm32cubeide/plugins/com.st.stm32cube.ide.mcu.externaltools.gnu-tools-for-stm32.7-2018-q2-update.win32_1.5.0.202011040924/tools/bin/../lib/gcc/arm-none-eabi/7.3.1/../../../../arm-none-eabi/lib/thumb/v6-m\libc_nano.a(lib_a-init.o)
                              c:/program files (x86)/stm32cubeide_1.5.1/stm32cubeide/plugins/com.st.stm32cube.ide.mcu.externaltools.gnu-tools-for-stm32.7-2018-q2-update.win32_1.5.0.202011040924/tools/bin/../lib/gcc/arm-none-eabi/7.3.1/../../../../arm-none-eabi/lib/thumb/v6-m/crt0.o (__libc_init_array)
c:/program files (x86)/stm32cubeide_1.5.1/stm32cubeide/plugins/com.st.stm32cube.ide.mcu.externaltools.gnu-tools-for-stm32.7-2018-q2-update.win32_1.5.0.202011040924/tools/bin/../lib/gcc/arm-none-eabi/7.3.1/../../../../arm-none-eabi/lib/thumb/v6-m\libc_nano.a(lib_a-memcpy-stub.o)
                              STM32X/Lib/EEPROM.o (memcpy)
c:/program files (x86)/stm32cubeide_1.5.1/stm32cubeide/plugins/com.st.stm32cube.ide.mcu.externaltools.gnu-tools-for-stm32.7-2018-q2-update.win32_1.5.0.202011040924/tools/bin/../lib/gcc/arm-none-eabi/7.3.1/../../../../arm-none-eabi/lib/thumb/v6-m\libc_nano.a(lib_a-memset.o)
                              c:/program files (x86)/stm32cubeide_1.5.1/stm32cubeide/plugins/com.st.stm32cube.ide.mcu.externaltools.gnu-tools-for-stm32.7-2018-q2-update.win32_1.5.0.202011040924/tools/bin/../lib/gcc/arm-none-eabi/7.3.1/../../../../arm-none-eabi/lib/thumb/v6-m/crt0.o (memset)
c:/program files (x86)/stm32cubeide_1.5.1/stm32cubeide/plugins/com.st.stm32cube.ide.mcu.externaltools.gnu-tools-for-stm32.7-2018-q2-update.win32_1.5.0.202011040924/tools/bin/../lib/gcc/arm-none-eabi/7.3.1/../../../../arm-none-eabi/lib/thumb/v6-m\libc_nano.a(lib_a-strlen.o)
                              STM32X/Lib/UART.o (strlen)
c:/program files (x86)/stm32cubeide_1.5.1/stm32cubeide/plugins/com.st.stm32cube.ide.mcu.externaltools.gnu-tools-for-stm32.7-2018-q2-update.win32_1.5.0.202011040924/tools/bin/../lib/gcc/arm-none-eabi/7.3.1/thumb/v6-m\libgcc.a(_udivsi3.o)
                              Core/Src/system_stm32l0xx.o (__aeabi_uidiv)
c:/program files (x86)/stm32cubeide_1.5.1/stm32cubeide/plugins/com.st.stm32cube.ide.mcu.externaltools.gnu-tools-for-stm32.7-2018-q2-update.win32_1.5.0.202011040924/tools/bin/../lib/gcc/arm-none-eabi/7.3.1/thumb/v6-m\libgcc.a(_divsi3.o)
                              Core/Src/System.o (__aeabi_idiv)
c:/program files (x86)/stm32cubeide_1.5.1/stm32cubeide/plugins/com.st.stm32cube.ide.mcu.externaltools.gnu-tools-for-stm32.7-2018-q2-update.win32_1.5.0.202011040924/tools/bin/../lib/gcc/arm-none-eabi/7.3.1/thumb/v6-m\libgcc.a(_dvmd_tls.o)
                              c:/program files (x86)/stm32cubeide_1.5.1/stm32cubeide/plugins/com.st.stm32cube.ide.mcu.externaltools.gnu-tools-for-stm32.7-2018-q2-update.win32_1.5.0.202011040924/tools/bin/../lib/gcc/arm-none-eabi/7.3.1/thumb/v6-m\libgcc.a(_udivsi3.o) (__aeabi_idiv0)
c:/program files (x86)/stm32cubeide_1.5.1/stm32cubeide/plugins/com.st.stm32cube.ide.mcu.externaltools.gnu-tools-for-stm32.7-2018-q2-update.win32_1.5.0.202011040924/tools/bin/../lib/gcc/arm-none-eabi/7.3.1/thumb/v6-m\libgcc.a(_aeabi_uldivmod.o)
                              Drivers/STM32L0xx_HAL_Driver/Src/stm32l0xx_hal_rcc.o (__aeabi_uldivmod)
c:/program files (x86)/stm32cubeide_1.5.1/stm32cubeide/plugins/com.st.stm32cube.ide.mcu.externaltools.gnu-tools-for-stm32.7-2018-q2-update.win32_1.5.0.202011040924/tools/bin/../lib/gcc/arm-none-eabi/7.3.1/thumb/v6-m\libgcc.a(_muldi3.o)
                              Drivers/STM32L0xx_HAL_Driver/Src/stm32l0xx_hal_rcc.o (__aeabi_lmul)
[...]
Memory Configuration

Name             Origin             Length             Attributes
RAM              0x0000000020000000 0x0000000000000800 xrw
FLASH            0x0000000008000000 0x0000000000004000 xr
*default*        0x0000000000000000 0xffffffffffffffff

Linker script and memory map

LOAD c:/program files (x86)/stm32cubeide_1.5.1/stm32cubeide/plugins/com.st.stm32cube.ide.mcu.externaltools.gnu-tools-for-stm32.7-2018-q2-update.win32_1.5.0.202011040924/tools/bin/../lib/gcc/arm-none-eabi/7.3.1/thumb/v6-m/crti.o
LOAD c:/program files (x86)/stm32cubeide_1.5.1/stm32cubeide/plugins/com.st.stm32cube.ide.mcu.externaltools.gnu-tools-for-stm32.7-2018-q2-update.win32_1.5.0.202011040924/tools/bin/../lib/gcc/arm-none-eabi/7.3.1/thumb/v6-m/crtbegin.o
LOAD c:/program files (x86)/stm32cubeide_1.5.1/stm32cubeide/plugins/com.st.stm32cube.ide.mcu.externaltools.gnu-tools-for-stm32.7-2018-q2-update.win32_1.5.0.202011040924/tools/bin/../lib/gcc/arm-none-eabi/7.3.1/../../../../arm-none-eabi/lib/thumb/v6-m/crt0.o
LOAD Core/Src/LED.o
LOAD Core/Src/Motor.o
LOAD Core/Src/Radio.o
LOAD Core/Src/System.o
LOAD Core/Src/main.o
LOAD Core/Src/system_stm32l0xx.o
LOAD Core/Startup/startup_stm32l010k4tx.o
LOAD Drivers/STM32L0xx_HAL_Driver/Src/stm32l0xx_hal.o
LOAD Drivers/STM32L0xx_HAL_Driver/Src/stm32l0xx_hal_adc.o
LOAD Drivers/STM32L0xx_HAL_Driver/Src/stm32l0xx_hal_adc_ex.o
LOAD Drivers/STM32L0xx_HAL_Driver/Src/stm32l0xx_hal_comp.o
LOAD Drivers/STM32L0xx_HAL_Driver/Src/stm32l0xx_hal_comp_ex.o
LOAD Drivers/STM32L0xx_HAL_Driver/Src/stm32l0xx_hal_cortex.o
LOAD Drivers/STM32L0xx_HAL_Driver/Src/stm32l0xx_hal_crc.o
LOAD Drivers/STM32L0xx_HAL_Driver/Src/stm32l0xx_hal_crc_ex.o
LOAD Drivers/STM32L0xx_HAL_Driver/Src/stm32l0xx_hal_cryp.o
LOAD Drivers/STM32L0xx_HAL_Driver/Src/stm32l0xx_hal_cryp_ex.o
LOAD Drivers/STM32L0xx_HAL_Driver/Src/stm32l0xx_hal_dac.o
LOAD Drivers/STM32L0xx_HAL_Driver/Src/stm32l0xx_hal_dac_ex.o
LOAD Drivers/STM32L0xx_HAL_Driver/Src/stm32l0xx_hal_dma.o
LOAD Drivers/STM32L0xx_HAL_Driver/Src/stm32l0xx_hal_exti.o
LOAD Drivers/STM32L0xx_HAL_Driver/Src/stm32l0xx_hal_firewall.o
LOAD Drivers/STM32L0xx_HAL_Driver/Src/stm32l0xx_hal_flash.o
LOAD Drivers/STM32L0xx_HAL_Driver/Src/stm32l0xx_hal_flash_ex.o
LOAD Drivers/STM32L0xx_HAL_Driver/Src/stm32l0xx_hal_flash_ramfunc.o
LOAD Drivers/STM32L0xx_HAL_Driver/Src/stm32l0xx_hal_gpio.o
LOAD Drivers/STM32L0xx_HAL_Driver/Src/stm32l0xx_hal_i2c.o
LOAD Drivers/STM32L0xx_HAL_Driver/Src/stm32l0xx_hal_i2c_ex.o
LOAD Drivers/STM32L0xx_HAL_Driver/Src/stm32l0xx_hal_i2s.o
LOAD Drivers/STM32L0xx_HAL_Driver/Src/stm32l0xx_hal_irda.o
LOAD Drivers/STM32L0xx_HAL_Driver/Src/stm32l0xx_hal_iwdg.o
LOAD Drivers/STM32L0xx_HAL_Driver/Src/stm32l0xx_hal_lcd.o
LOAD Drivers/STM32L0xx_HAL_Driver/Src/stm32l0xx_hal_lptim.o
LOAD Drivers/STM32L0xx_HAL_Driver/Src/stm32l0xx_hal_pcd.o
LOAD Drivers/STM32L0xx_HAL_Driver/Src/stm32l0xx_hal_pcd_ex.o
LOAD Drivers/STM32L0xx_HAL_Driver/Src/stm32l0xx_hal_pwr.o
LOAD Drivers/STM32L0xx_HAL_Driver/Src/stm32l0xx_hal_pwr_ex.o
LOAD Drivers/STM32L0xx_HAL_Driver/Src/stm32l0xx_hal_rcc.o
LOAD Drivers/STM32L0xx_HAL_Driver/Src/stm32l0xx_hal_rcc_ex.o
LOAD Drivers/STM32L0xx_HAL_Driver/Src/stm32l0xx_hal_rng.o
LOAD Drivers/STM32L0xx_HAL_Driver/Src/stm32l0xx_hal_rtc.o
LOAD Drivers/STM32L0xx_HAL_Driver/Src/stm32l0xx_hal_rtc_ex.o
LOAD Drivers/STM32L0xx_HAL_Driver/Src/stm32l0xx_hal_smartcard.o
LOAD Drivers/STM32L0xx_HAL_Driver/Src/stm32l0xx_hal_smartcard_ex.o
LOAD Drivers/STM32L0xx_HAL_Driver/Src/stm32l0xx_hal_smbus.o
LOAD Drivers/STM32L0xx_HAL_Driver/Src/stm32l0xx_hal_smbus_ex.o
LOAD Drivers/STM32L0xx_HAL_Driver/Src/stm32l0xx_hal_spi.o
LOAD Drivers/STM32L0xx_HAL_Driver/Src/stm32l0xx_hal_tim.o
LOAD Drivers/STM32L0xx_HAL_Driver/Src/stm32l0xx_hal_tim_ex.o
LOAD Drivers/STM32L0xx_HAL_Driver/Src/stm32l0xx_hal_tsc.o
LOAD Drivers/STM32L0xx_HAL_Driver/Src/stm32l0xx_hal_uart.o
LOAD Drivers/STM32L0xx_HAL_Driver/Src/stm32l0xx_hal_uart_ex.o
LOAD Drivers/STM32L0xx_HAL_Driver/Src/stm32l0xx_hal_usart.o
LOAD Drivers/STM32L0xx_HAL_Driver/Src/stm32l0xx_hal_wwdg.o
LOAD Drivers/STM32L0xx_HAL_Driver/Src/stm32l0xx_ll_adc.o
LOAD Drivers/STM32L0xx_HAL_Driver/Src/stm32l0xx_ll_comp.o
LOAD Drivers/STM32L0xx_HAL_Driver/Src/stm32l0xx_ll_crc.o
LOAD Drivers/STM32L0xx_HAL_Driver/Src/stm32l0xx_ll_crs.o
LOAD Drivers/STM32L0xx_HAL_Driver/Src/stm32l0xx_ll_dac.o
LOAD Drivers/STM32L0xx_HAL_Driver/Src/stm32l0xx_ll_dma.o
LOAD Drivers/STM32L0xx_HAL_Driver/Src/stm32l0xx_ll_exti.o
LOAD Drivers/STM32L0xx_HAL_Driver/Src/stm32l0xx_ll_gpio.o
LOAD Drivers/STM32L0xx_HAL_Driver/Src/stm32l0xx_ll_i2c.o
LOAD Drivers/STM32L0xx_HAL_Driver/Src/stm32l0xx_ll_lptim.o
LOAD Drivers/STM32L0xx_HAL_Driver/Src/stm32l0xx_ll_lpuart.o
LOAD Drivers/STM32L0xx_HAL_Driver/Src/stm32l0xx_ll_pwr.o
LOAD Drivers/STM32L0xx_HAL_Driver/Src/stm32l0xx_ll_rcc.o
LOAD Drivers/STM32L0xx_HAL_Driver/Src/stm32l0xx_ll_rng.o
LOAD Drivers/STM32L0xx_HAL_Driver/Src/stm32l0xx_ll_rtc.o
LOAD Drivers/STM32L0xx_HAL_Driver/Src/stm32l0xx_ll_spi.o
LOAD Drivers/STM32L0xx_HAL_Driver/Src/stm32l0xx_ll_tim.o
LOAD Drivers/STM32L0xx_HAL_Driver/Src/stm32l0xx_ll_usart.o
LOAD Drivers/STM32L0xx_HAL_Driver/Src/stm32l0xx_ll_usb.o
LOAD Drivers/STM32L0xx_HAL_Driver/Src/stm32l0xx_ll_utils.o
LOAD STM32X/Lib/ADC.o
LOAD STM32X/Lib/CAN.o
LOAD STM32X/Lib/CLK.o
LOAD STM32X/Lib/COMP.o
LOAD STM32X/Lib/Core.o
LOAD STM32X/Lib/EEPROM.o
LOAD STM32X/Lib/FLASH.o
LOAD STM32X/Lib/GPIO.o
LOAD STM32X/Lib/TIM.o
LOAD STM32X/Lib/UART.o
LOAD STM32X/Lib/US.o
LOAD STM32X/Lib/USB.o
LOAD STM32X/Lib/usb/USB_CTL.o
LOAD STM32X/Lib/usb/USB_EP.o
LOAD STM32X/Lib/usb/USB_PCD.o
LOAD STM32X/Lib/usb/cdc/USB_CDC.o
LOAD STM32X/Lib/usb/msc/SCSI.o
LOAD STM32X/Lib/usb/msc/USB_MSC.o
START GROUP
LOAD c:/program files (x86)/stm32cubeide_1.5.1/stm32cubeide/plugins/com.st.stm32cube.ide.mcu.externaltools.gnu-tools-for-stm32.7-2018-q2-update.win32_1.5.0.202011040924/tools/bin/../lib/gcc/arm-none-eabi/7.3.1/../../../../arm-none-eabi/lib/thumb/v6-m\libc_nano.a
LOAD c:/program files (x86)/stm32cubeide_1.5.1/stm32cubeide/plugins/com.st.stm32cube.ide.mcu.externaltools.gnu-tools-for-stm32.7-2018-q2-update.win32_1.5.0.202011040924/tools/bin/../lib/gcc/arm-none-eabi/7.3.1/../../../../arm-none-eabi/lib/thumb/v6-m\libm.a
END GROUP
START GROUP
LOAD c:/program files (x86)/stm32cubeide_1.5.1/stm32cubeide/plugins/com.st.stm32cube.ide.mcu.externaltools.gnu-tools-for-stm32.7-2018-q2-update.win32_1.5.0.202011040924/tools/bin/../lib/gcc/arm-none-eabi/7.3.1/thumb/v6-m\libgcc.a
LOAD c:/program files (x86)/stm32cubeide_1.5.1/stm32cubeide/plugins/com.st.stm32cube.ide.mcu.externaltools.gnu-tools-for-stm32.7-2018-q2-update.win32_1.5.0.202011040924/tools/bin/../lib/gcc/arm-none-eabi/7.3.1/../../../../arm-none-eabi/lib/thumb/v6-m\libc_nano.a
END GROUP
START GROUP
LOAD c:/program files (x86)/stm32cubeide_1.5.1/stm32cubeide/plugins/com.st.stm32cube.ide.mcu.externaltools.gnu-tools-for-stm32.7-2018-q2-update.win32_1.5.0.202011040924/tools/bin/../lib/gcc/arm-none-eabi/7.3.1/thumb/v6-m\libgcc.a
LOAD c:/program files (x86)/stm32cubeide_1.5.1/stm32cubeide/plugins/com.st.stm32cube.ide.mcu.externaltools.gnu-tools-for-stm32.7-2018-q2-update.win32_1.5.0.202011040924/tools/bin/../lib/gcc/arm-none-eabi/7.3.1/../../../../arm-none-eabi/lib/thumb/v6-m\libc_nano.a
LOAD c:/program files (x86)/stm32cubeide_1.5.1/stm32cubeide/plugins/com.st.stm32cube.ide.mcu.externaltools.gnu-tools-for-stm32.7-2018-q2-update.win32_1.5.0.202011040924/tools/bin/../lib/gcc/arm-none-eabi/7.3.1/../../../../arm-none-eabi/lib/thumb/v6-m\libnosys.a
END GROUP
START GROUP
LOAD c:/program files (x86)/stm32cubeide_1.5.1/stm32cubeide/plugins/com.st.stm32cube.ide.mcu.externaltools.gnu-tools-for-stm32.7-2018-q2-update.win32_1.5.0.202011040924/tools/bin/../lib/gcc/arm-none-eabi/7.3.1/thumb/v6-m\libgcc.a
LOAD c:/program files (x86)/stm32cubeide_1.5.1/stm32cubeide/plugins/com.st.stm32cube.ide.mcu.externaltools.gnu-tools-for-stm32.7-2018-q2-update.win32_1.5.0.202011040924/tools/bin/../lib/gcc/arm-none-eabi/7.3.1/../../../../arm-none-eabi/lib/thumb/v6-m\libc_nano.a
LOAD c:/program files (x86)/stm32cubeide_1.5.1/stm32cubeide/plugins/com.st.stm32cube.ide.mcu.externaltools.gnu-tools-for-stm32.7-2018-q2-update.win32_1.5.0.202011040924/tools/bin/../lib/gcc/arm-none-eabi/7.3.1/../../../../arm-none-eabi/lib/thumb/v6-m\libnosys.a
END GROUP
LOAD c:/program files (x86)/stm32cubeide_1.5.1/stm32cubeide/plugins/com.st.stm32cube.ide.mcu.externaltools.gnu-tools-for-stm32.7-2018-q2-update.win32_1.5.0.202011040924/tools/bin/../lib/gcc/arm-none-eabi/7.3.1/thumb/v6-m/crtend.o
LOAD c:/program files (x86)/stm32cubeide_1.5.1/stm32cubeide/plugins/com.st.stm32cube.ide.mcu.externaltools.gnu-tools-for-stm32.7-2018-q2-update.win32_1.5.0.202011040924/tools/bin/../lib/gcc/arm-none-eabi/7.3.1/thumb/v6-m/crtn.o
                0x0000000020000800                _estack = (ORIGIN (RAM) + LENGTH (RAM))
                0x0000000000000200                _Min_Heap_Size = 0x200
                0x0000000000000400                _Min_Stack_Size = 0x400

.isr_vector     0x0000000008000000       0xc0
                0x0000000008000000                . = ALIGN (0x4)
 *(.isr_vector)
 .isr_vector    0x0000000008000000       0xc0 Core/Startup/startup_stm32l010k4tx.o
                0x0000000008000000                g_pfnVectors
                0x00000000080000c0                . = ALIGN (0x4)

.text           0x00000000080000c0      0xdcc
                0x00000000080000c0                . = ALIGN (0x4)
 *(.text)
 .text          0x00000000080000c0       0x48 c:/program files (x86)/stm32cubeide_1.5.1/stm32cubeide/plugins/com.st.stm32cube.ide.mcu.externaltools.gnu-tools-for-stm32.7-2018-q2-update.win32_1.5.0.202011040924/tools/bin/../lib/gcc/arm-none-eabi/7.3.1/thumb/v6-m/crtbegin.o
 .text          0x0000000008000108      0x114 c:/program files (x86)/stm32cubeide_1.5.1/stm32cubeide/plugins/com.st.stm32cube.ide.mcu.externaltools.gnu-tools-for-stm32.7-2018-q2-update.win32_1.5.0.202011040924/tools/bin/../lib/gcc/arm-none-eabi/7.3.1/thumb/v6-m\libgcc.a(_udivsi3.o)
                0x0000000008000108                __aeabi_uidiv
                0x0000000008000108                __udivsi3
                0x0000000008000214                __aeabi_uidivmod
 .text          0x000000000800021c        0x4 c:/program files (x86)/stm32cubeide_1.5.1/stm32cubeide/plugins/com.st.stm32cube.ide.mcu.externaltools.gnu-tools-for-stm32.7-2018-q2-update.win32_1.5.0.202011040924/tools/bin/../lib/gcc/arm-none-eabi/7.3.1/thumb/v6-m\libgcc.a(_dvmd_tls.o)
                0x000000000800021c                __aeabi_idiv0
                0x000000000800021c                __aeabi_ldiv0
 *(.text*)
 .text.GPIO_EnableOutput
                0x0000000008000220       0x30 Core/Src/LED.o
 .text.LED_Init
                0x0000000008000250       0x2c Core/Src/LED.o
                0x0000000008000250                LED_Init
 .text.GPIO_Read
                0x000000000800027c       0x20 Core/Src/Radio.o
 .text.TIM_Read
                0x000000000800029c       0x16 Core/Src/Radio.o
 .text.RADIO_Init
                0x00000000080002b2        0xe Core/Src/Radio.o
                0x00000000080002b2                RADIO_Init
 .text.RADIO_InitSPWM
                0x00000000080002c0       0x54 Core/Src/Radio.o
                0x00000000080002c0                RADIO_InitSPWM
 .text.RADIO_SPWM_IRQ
                0x0000000008000314       0x58 Core/Src/Radio.o
                0x0000000008000314                RADIO_SPWM_IRQ
 .text.SYSTEM_Init
                0x000000000800036c       0x14 Core/Src/System.o
                0x000000000800036c                SYSTEM_Init
 .text.SYSTEM_Update
                0x0000000008000380       0x14 Core/Src/System.o
                0x0000000008000380                SYSTEM_Update
 .text.TIM_Read
                0x0000000008000394       0x16 Core/Src/main.o
 *fill*         0x00000000080003aa        0x2 
 .text.main     0x00000000080003ac       0x34 Core/Src/main.o
                0x00000000080003ac                main
 .text.SystemInit
                0x00000000080003e0        0xa Core/Src/system_stm32l0xx.o
                0x00000000080003e0                SystemInit
 *fill*         0x00000000080003ea        0x2 
 .text.Reset_Handler
                0x00000000080003ec       0x80 Core/Startup/startup_stm32l010k4tx.o
                0x00000000080003ec                Reset_Handler
 .text.Default_Handler
                0x000000000800046c        0x2 Core/Startup/startup_stm32l010k4tx.o
                0x000000000800046c                HardFault_Handler
                0x000000000800046c                PendSV_Handler
                0x000000000800046c                NMI_Handler
                0x000000000800046c                I2C1_IRQHandler
                0x000000000800046c                SPI1_IRQHandler
                0x000000000800046c                EXTI2_3_IRQHandler
                0x000000000800046c                ADC1_IRQHandler
                0x000000000800046c                RTC_IRQHandler
                0x000000000800046c                EXTI4_15_IRQHandler
                0x000000000800046c                RCC_IRQHandler
                0x000000000800046c                DMA1_Channel1_IRQHandler
                0x000000000800046c                Default_Handler
                0x000000000800046c                DMA1_Channel4_5_IRQHandler
                0x000000000800046c                EXTI0_1_IRQHandler
                0x000000000800046c                SVC_Handler
                0x000000000800046c                WWDG_IRQHandler
                0x000000000800046c                LPUART1_IRQHandler
                0x000000000800046c                DMA1_Channel2_3_IRQHandler
                0x000000000800046c                USART2_IRQHandler
                0x000000000800046c                FLASH_IRQHandler
                0x000000000800046c                LPTIM1_IRQHandler
 *fill*         0x000000000800046e        0x2 
 .text.__NVIC_EnableIRQ
                0x0000000008000470       0x34 Drivers/STM32L0xx_HAL_Driver/Src/stm32l0xx_hal_cortex.o
 .text.__NVIC_SetPriority
                0x00000000080004a4       0xdc Drivers/STM32L0xx_HAL_Driver/Src/stm32l0xx_hal_cortex.o
 .text.SysTick_Config
                0x0000000008000580       0x48 Drivers/STM32L0xx_HAL_Driver/Src/stm32l0xx_hal_cortex.o
 .text.HAL_NVIC_SetPriority
                0x00000000080005c8       0x2a Drivers/STM32L0xx_HAL_Driver/Src/stm32l0xx_hal_cortex.o
                0x00000000080005c8                HAL_NVIC_SetPriority
 .text.HAL_NVIC_EnableIRQ
                0x00000000080005f2       0x20 Drivers/STM32L0xx_HAL_Driver/Src/stm32l0xx_hal_cortex.o
                0x00000000080005f2                HAL_NVIC_EnableIRQ
 .text.HAL_SYSTICK_Config
                0x0000000008000612       0x1a Drivers/STM32L0xx_HAL_Driver/Src/stm32l0xx_hal_cortex.o
                0x0000000008000612                HAL_SYSTICK_Config
 .text.CLK_InitSYSCLK
                0x000000000800062c       0xf8 STM32X/Lib/CLK.o
                0x000000000800062c                CLK_InitSYSCLK
 .text.GPIO_Deinit
                0x0000000008000724       0x1e STM32X/Lib/Core.o
 *fill*         0x0000000008000742        0x2 
 .text.CLK_GetHCLKFreq
                0x0000000008000744       0x10 STM32X/Lib/Core.o
 .text.CORE_Init
                0x0000000008000754       0x6c STM32X/Lib/Core.o
                0x0000000008000754                CORE_Init
 .text.CORE_Idle
                0x00000000080007c0        0xc STM32X/Lib/Core.o
                0x00000000080007c0                CORE_Idle
 .text.CORE_InitSysTick
                0x00000000080007cc       0x30 STM32X/Lib/Core.o
 .text.CORE_InitGPIO
                0x00000000080007fc       0x90 STM32X/Lib/Core.o
 .text.SysTick_Handler
                0x000000000800088c       0x18 STM32X/Lib/Core.o
                0x000000000800088c                SysTick_Handler
 .text.GPIO_Set
                0x00000000080008a4       0x18 STM32X/Lib/GPIO.o
 .text.GPIO_Reset
                0x00000000080008bc       0x18 STM32X/Lib/GPIO.o
 .text.GPIO_Write
                0x00000000080008d4       0x38 STM32X/Lib/GPIO.o
                0x00000000080008d4                GPIO_Write
 .text.GPIO_OnChange
                0x000000000800090c       0x58 STM32X/Lib/GPIO.o
                0x000000000800090c                GPIO_OnChange
 .text.GPIO_Init
                0x0000000008000964       0xe0 STM32X/Lib/GPIO.o
                0x0000000008000964                GPIO_Init
 .text.GPIO_ConfigInterrupt
                0x0000000008000a44      0x10c STM32X/Lib/GPIO.o
 .text.GPIO_SWARBitDouble
                0x0000000008000b50       0x78 STM32X/Lib/GPIO.o
 .text.EXTIx_EnableIRQn
                0x0000000008000bc8       0x32 STM32X/Lib/GPIO.o
 *fill*         0x0000000008000bfa        0x2 
 .text.CLK_GetPCLKFreq
                0x0000000008000bfc       0x10 STM32X/Lib/TIM.o
 .text.TIM_Init
                0x0000000008000c0c       0x58 STM32X/Lib/TIM.o
                0x0000000008000c0c                TIM_Init
 .text.TIM_SetFreq
                0x0000000008000c64       0x2e STM32X/Lib/TIM.o
                0x0000000008000c64                TIM_SetFreq
 .text.TIM_SetReload
                0x0000000008000c92       0x1a STM32X/Lib/TIM.o
                0x0000000008000c92                TIM_SetReload
 .text.TIM_Start
                0x0000000008000cac       0x28 STM32X/Lib/TIM.o
                0x0000000008000cac                TIM_Start
 .text.TIM_Reload
                0x0000000008000cd4       0x3a STM32X/Lib/TIM.o
 *fill*         0x0000000008000d0e        0x2 
 .text.TIMx_Init
                0x0000000008000d10       0x54 STM32X/Lib/TIM.o
 .text.TIM_IRQHandler
                0x0000000008000d64       0x98 STM32X/Lib/TIM.o
 .text.TIM2_IRQHandler
                0x0000000008000dfc       0x18 STM32X/Lib/TIM.o
                0x0000000008000dfc                TIM2_IRQHandler
 .text.TIM21_IRQHandler
                0x0000000008000e14       0x18 STM32X/Lib/TIM.o
                0x0000000008000e14                TIM21_IRQHandler
 .text.__libc_init_array
                0x0000000008000e2c       0x48 c:/program files (x86)/stm32cubeide_1.5.1/stm32cubeide/plugins/com.st.stm32cube.ide.mcu.externaltools.gnu-tools-for-stm32.7-2018-q2-update.win32_1.5.0.202011040924/tools/bin/../lib/gcc/arm-none-eabi/7.3.1/../../../../arm-none-eabi/lib/thumb/v6-m\libc_nano.a(lib_a-init.o)
                0x0000000008000e2c                __libc_init_array
 *(.glue_7)
 .glue_7        0x0000000008000e74        0x0 linker stubs
 *(.glue_7t)
 .glue_7t       0x0000000008000e74        0x0 linker stubs
 *(.eh_frame)
 .eh_frame      0x0000000008000e74        0x0 c:/program files (x86)/stm32cubeide_1.5.1/stm32cubeide/plugins/com.st.stm32cube.ide.mcu.externaltools.gnu-tools-for-stm32.7-2018-q2-update.win32_1.5.0.202011040924/tools/bin/../lib/gcc/arm-none-eabi/7.3.1/thumb/v6-m/crtbegin.o
 *(.init)
 .init          0x0000000008000e74        0x4 c:/program files (x86)/stm32cubeide_1.5.1/stm32cubeide/plugins/com.st.stm32cube.ide.mcu.externaltools.gnu-tools-for-stm32.7-2018-q2-update.win32_1.5.0.202011040924/tools/bin/../lib/gcc/arm-none-eabi/7.3.1/thumb/v6-m/crti.o
                0x0000000008000e74                _init
 .init          0x0000000008000e78        0x8 c:/program files (x86)/stm32cubeide_1.5.1/stm32cubeide/plugins/com.st.stm32cube.ide.mcu.externaltools.gnu-tools-for-stm32.7-2018-q2-update.win32_1.5.0.202011040924/tools/bin/../lib/gcc/arm-none-eabi/7.3.1/thumb/v6-m/crtn.o
 *(.fini)
 .fini          0x0000000008000e80        0x4 c:/program files (x86)/stm32cubeide_1.5.1/stm32cubeide/plugins/com.st.stm32cube.ide.mcu.externaltools.gnu-tools-for-stm32.7-2018-q2-update.win32_1.5.0.202011040924/tools/bin/../lib/gcc/arm-none-eabi/7.3.1/thumb/v6-m/crti.o
                0x0000000008000e80                _fini
 .fini          0x0000000008000e84        0x8 c:/program files (x86)/stm32cubeide_1.5.1/stm32cubeide/plugins/com.st.stm32cube.ide.mcu.externaltools.gnu-tools-for-stm32.7-2018-q2-update.win32_1.5.0.202011040924/tools/bin/../lib/gcc/arm-none-eabi/7.3.1/thumb/v6-m/crtn.o
                0x0000000008000e8c                . = ALIGN (0x4)
                0x0000000008000e8c                _etext = .

.vfp11_veneer   0x0000000008000e8c        0x0
 .vfp11_veneer  0x0000000008000e8c        0x0 linker stubs

.v4_bx          0x0000000008000e8c        0x0
 .v4_bx         0x0000000008000e8c        0x0 linker stubs

.iplt           0x0000000008000e8c        0x0
 .iplt          0x0000000008000e8c        0x0 c:/program files (x86)/stm32cubeide_1.5.1/stm32cubeide/plugins/com.st.stm32cube.ide.mcu.externaltools.gnu-tools-for-stm32.7-2018-q2-update.win32_1.5.0.202011040924/tools/bin/../lib/gcc/arm-none-eabi/7.3.1/thumb/v6-m/crtbegin.o

.rel.dyn        0x0000000008000e8c        0x0
 .rel.iplt      0x0000000008000e8c        0x0 c:/program files (x86)/stm32cubeide_1.5.1/stm32cubeide/plugins/com.st.stm32cube.ide.mcu.externaltools.gnu-tools-for-stm32.7-2018-q2-update.win32_1.5.0.202011040924/tools/bin/../lib/gcc/arm-none-eabi/7.3.1/thumb/v6-m/crtbegin.o

.rodata         0x0000000008000e8c        0x0
                0x0000000008000e8c                . = ALIGN (0x4)
 *(.rodata)
 *(.rodata*)
                0x0000000008000e8c                . = ALIGN (0x4)

.ARM.extab      0x0000000008000e8c        0x0
                0x0000000008000e8c                . = ALIGN (0x4)
 *(.ARM.extab* .gnu.linkonce.armextab.*)
                0x0000000008000e8c                . = ALIGN (0x4)

.ARM            0x0000000008000e8c        0x0
                0x0000000008000e8c                . = ALIGN (0x4)
                0x0000000008000e8c                __exidx_start = .
 *(.ARM.exidx*)
                0x0000000008000e8c                __exidx_end = .
                0x0000000008000e8c                . = ALIGN (0x4)

.preinit_array  0x0000000008000e8c        0x0
                0x0000000008000e8c                . = ALIGN (0x4)
                0x0000000008000e8c                PROVIDE (__preinit_array_start = .)
 *(.preinit_array*)
                0x0000000008000e8c                PROVIDE (__preinit_array_end = .)
                0x0000000008000e8c                . = ALIGN (0x4)

.init_array     0x0000000008000e8c        0x4
                0x0000000008000e8c                . = ALIGN (0x4)
                0x0000000008000e8c                PROVIDE (__init_array_start = .)
 *(SORT_BY_NAME(.init_array.*))
 *(.init_array*)
 .init_array    0x0000000008000e8c        0x4 c:/program files (x86)/stm32cubeide_1.5.1/stm32cubeide/plugins/com.st.stm32cube.ide.mcu.externaltools.gnu-tools-for-stm32.7-2018-q2-update.win32_1.5.0.202011040924/tools/bin/../lib/gcc/arm-none-eabi/7.3.1/thumb/v6-m/crtbegin.o
                0x0000000008000e90                PROVIDE (__init_array_end = .)
                0x0000000008000e90                . = ALIGN (0x4)

.fini_array     0x0000000008000e90        0x4
                0x0000000008000e90                . = ALIGN (0x4)
                [!provide]                        PROVIDE (__fini_array_start = .)
 *(SORT_BY_NAME(.fini_array.*))
 *(.fini_array*)
 .fini_array    0x0000000008000e90        0x4 c:/program files (x86)/stm32cubeide_1.5.1/stm32cubeide/plugins/com.st.stm32cube.ide.mcu.externaltools.gnu-tools-for-stm32.7-2018-q2-update.win32_1.5.0.202011040924/tools/bin/../lib/gcc/arm-none-eabi/7.3.1/thumb/v6-m/crtbegin.o
                [!provide]                        PROVIDE (__fini_array_end = .)
                0x0000000008000e94                . = ALIGN (0x4)
                0x0000000008000e94                _sidata = LOADADDR (.data)

.data           0x0000000020000000       0x38 load address 0x0000000008000e94
                0x0000000020000000                . = ALIGN (0x4)
                0x0000000020000000                _sdata = .
 *(.data)
 *(.data*)
 .data.gTIM_2   0x0000000020000000       0x18 STM32X/Lib/TIM.o
 .data.TIM_2    0x0000000020000018        0x4 STM32X/Lib/TIM.o
                0x0000000020000018                TIM_2
 .data.gTIM_21  0x000000002000001c       0x18 STM32X/Lib/TIM.o
 .data.TIM_21   0x0000000020000034        0x4 STM32X/Lib/TIM.o
                0x0000000020000034                TIM_21
 *(.RamFunc)
 *(.RamFunc*)
                0x0000000020000038                . = ALIGN (0x4)
                0x0000000020000038                _edata = .

.igot.plt       0x0000000020000038        0x0 load address 0x0000000008000ecc
 .igot.plt      0x0000000020000038        0x0 c:/program files (x86)/stm32cubeide_1.5.1/stm32cubeide/plugins/com.st.stm32cube.ide.mcu.externaltools.gnu-tools-for-stm32.7-2018-q2-update.win32_1.5.0.202011040924/tools/bin/../lib/gcc/arm-none-eabi/7.3.1/thumb/v6-m/crtbegin.o
                0x0000000020000038                . = ALIGN (0x4)

.bss            0x0000000020000038       0x68 load address 0x0000000008000ecc
                0x0000000020000038                _sbss = .
                0x0000000020000038                __bss_start__ = _sbss
 *(.bss)
 .bss           0x0000000020000038       0x1c c:/program files (x86)/stm32cubeide_1.5.1/stm32cubeide/plugins/com.st.stm32cube.ide.mcu.externaltools.gnu-tools-for-stm32.7-2018-q2-update.win32_1.5.0.202011040924/tools/bin/../lib/gcc/arm-none-eabi/7.3.1/thumb/v6-m/crtbegin.o
 *(.bss*)
 .bss.tick.6014
                0x0000000020000054        0x4 Core/Src/Radio.o
 .bss.gTicks    0x0000000020000058        0x4 STM32X/Lib/Core.o
                0x0000000020000058                gTicks
 .bss.gCallback
                0x000000002000005c       0x40 STM32X/Lib/GPIO.o
                0x000000002000005c                gCallback
 *(COMMON)
 COMMON         0x000000002000009c        0x2 Core/Src/Radio.o
                0x000000002000009c                input
 COMMON         0x000000002000009e        0x1 Core/Src/System.o
                0x000000002000009e                status
                0x00000000200000a0                . = ALIGN (0x4)
 *fill*         0x000000002000009f        0x1 
                0x00000000200000a0                _ebss = .
                0x00000000200000a0                __bss_end__ = _ebss

._user_heap_stack
                0x00000000200000a0      0x600 load address 0x0000000008000ecc
                0x00000000200000a0                . = ALIGN (0x8)
                [!provide]                        PROVIDE (end = .)
                [!provide]                        PROVIDE (_end = .)
                0x00000000200002a0                . = (. + _Min_Heap_Size)
 *fill*         0x00000000200000a0      0x200 
                0x00000000200006a0                . = (. + _Min_Stack_Size)
 *fill*         0x00000000200002a0      0x400 
                0x00000000200006a0                . = ALIGN (0x8)

/DISCARD/
 libc.a(*)
 libm.a(*)
 libgcc.a(*)

.ARM.attributes
                0x0000000000000000       0x28
 *(.ARM.attributes)
 .ARM.attributes
                0x0000000000000000       0x1e c:/program files (x86)/stm32cubeide_1.5.1/stm32cubeide/plugins/com.st.stm32cube.ide.mcu.externaltools.gnu-tools-for-stm32.7-2018-q2-update.win32_1.5.0.202011040924/tools/bin/../lib/gcc/arm-none-eabi/7.3.1/thumb/v6-m/crti.o
 .ARM.attributes
                0x000000000000001e       0x2c c:/program files (x86)/stm32cubeide_1.5.1/stm32cubeide/plugins/com.st.stm32cube.ide.mcu.externaltools.gnu-tools-for-stm32.7-2018-q2-update.win32_1.5.0.202011040924/tools/bin/../lib/gcc/arm-none-eabi/7.3.1/thumb/v6-m/crtbegin.o
 .ARM.attributes
                0x000000000000004a       0x32 Core/Src/LED.o
 .ARM.attributes
                0x000000000000007c       0x32 Core/Src/Radio.o
 .ARM.attributes
                0x00000000000000ae       0x32 Core/Src/System.o
 .ARM.attributes
                0x00000000000000e0       0x32 Core/Src/main.o
 .ARM.attributes
                0x0000000000000112       0x32 Core/Src/system_stm32l0xx.o
 .ARM.attributes
                0x0000000000000144       0x22 Core/Startup/startup_stm32l010k4tx.o
 .ARM.attributes
                0x0000000000000166       0x32 Drivers/STM32L0xx_HAL_Driver/Src/stm32l0xx_hal_cortex.o
 .ARM.attributes
                0x0000000000000198       0x32 STM32X/Lib/CLK.o
 .ARM.attributes
                0x00000000000001ca       0x32 STM32X/Lib/Core.o
 .ARM.attributes
                0x00000000000001fc       0x32 STM32X/Lib/GPIO.o
 .ARM.attributes
                0x000000000000022e       0x32 STM32X/Lib/TIM.o
 .ARM.attributes
                0x0000000000000260       0x2c c:/program files (x86)/stm32cubeide_1.5.1/stm32cubeide/plugins/com.st.stm32cube.ide.mcu.externaltools.gnu-tools-for-stm32.7-2018-q2-update.win32_1.5.0.202011040924/tools/bin/../lib/gcc/arm-none-eabi/7.3.1/../../../../arm-none-eabi/lib/thumb/v6-m\libc_nano.a(lib_a-init.o)
 .ARM.attributes
                0x000000000000028c       0x1e c:/program files (x86)/stm32cubeide_1.5.1/stm32cubeide/plugins/com.st.stm32cube.ide.mcu.externaltools.gnu-tools-for-stm32.7-2018-q2-update.win32_1.5.0.202011040924/tools/bin/../lib/gcc/arm-none-eabi/7.3.1/thumb/v6-m\libgcc.a(_udivsi3.o)
 .ARM.attributes
                0x00000000000002aa       0x1e c:/program files (x86)/stm32cubeide_1.5.1/stm32cubeide/plugins/com.st.stm32cube.ide.mcu.externaltools.gnu-tools-for-stm32.7-2018-q2-update.win32_1.5.0.202011040924/tools/bin/../lib/gcc/arm-none-eabi/7.3.1/thumb/v6-m\libgcc.a(_dvmd_tls.o)
 .ARM.attributes
                0x00000000000002c8       0x1e c:/program files (x86)/stm32cubeide_1.5.1/stm32cubeide/plugins/com.st.stm32cube.ide.mcu.externaltools.gnu-tools-for-stm32.7-2018-q2-update.win32_1.5.0.202011040924/tools/bin/../lib/gcc/arm-none-eabi/7.3.1/thumb/v6-m/crtn.o
OUTPUT(THE_BRAWN_beta.elf elf32-littlearm)

.debug_info     0x0000000000000000     0x371a
 .debug_info    0x0000000000000000      0x421 Core/Src/LED.o
 .debug_info    0x0000000000000421      0x51c Core/Src/Radio.o
 .debug_info    0x000000000000093d      0x26b Core/Src/System.o
 .debug_info    0x0000000000000ba8      0x382 Core/Src/main.o
 .debug_info    0x0000000000000f2a      0x334 Core/Src/system_stm32l0xx.o
 .debug_info    0x000000000000125e       0x22 Core/Startup/startup_stm32l010k4tx.o
 .debug_info    0x0000000000001280      0x756 Drivers/STM32L0xx_HAL_Driver/Src/stm32l0xx_hal_cortex.o
 .debug_info    0x00000000000019d6      0x3a7 STM32X/Lib/CLK.o
 .debug_info    0x0000000000001d7d      0x787 STM32X/Lib/Core.o
 .debug_info    0x0000000000002504      0x8c5 STM32X/Lib/GPIO.o
 .debug_info    0x0000000000002dc9      0x951 STM32X/Lib/TIM.o

.debug_abbrev   0x0000000000000000     0x1113
 .debug_abbrev  0x0000000000000000      0x189 Core/Src/LED.o
 .debug_abbrev  0x0000000000000189      0x1bc Core/Src/Radio.o
 .debug_abbrev  0x0000000000000345      0x138 Core/Src/System.o
 .debug_abbrev  0x000000000000047d      0x14c Core/Src/main.o
 .debug_abbrev  0x00000000000005c9      0x12b Core/Src/system_stm32l0xx.o
 .debug_abbrev  0x00000000000006f4       0x12 Core/Startup/startup_stm32l010k4tx.o
 .debug_abbrev  0x0000000000000706      0x257 Drivers/STM32L0xx_HAL_Driver/Src/stm32l0xx_hal_cortex.o
 .debug_abbrev  0x000000000000095d      0x13f STM32X/Lib/CLK.o
 .debug_abbrev  0x0000000000000a9c      0x267 STM32X/Lib/Core.o
 .debug_abbrev  0x0000000000000d03      0x1eb STM32X/Lib/GPIO.o
 .debug_abbrev  0x0000000000000eee      0x225 STM32X/Lib/TIM.o

.debug_aranges  0x0000000000000000      0x428
 .debug_aranges
                0x0000000000000000       0x78 Core/Src/LED.o
 .debug_aranges
                0x0000000000000078       0x60 Core/Src/Radio.o
 .debug_aranges
                0x00000000000000d8       0x38 Core/Src/System.o
 .debug_aranges
                0x0000000000000110       0x28 Core/Src/main.o
 .debug_aranges
                0x0000000000000138       0x28 Core/Src/system_stm32l0xx.o
 .debug_aranges
                0x0000000000000160       0x28 Core/Startup/startup_stm32l010k4tx.o
 .debug_aranges
                0x0000000000000188       0xc0 Drivers/STM32L0xx_HAL_Driver/Src/stm32l0xx_hal_cortex.o
 .debug_aranges
                0x0000000000000248       0x48 STM32X/Lib/CLK.o
 .debug_aranges
                0x0000000000000290       0x88 STM32X/Lib/Core.o
 .debug_aranges
                0x0000000000000318       0x68 STM32X/Lib/GPIO.o
 .debug_aranges
                0x0000000000000380       0xa8 STM32X/Lib/TIM.o

.debug_ranges   0x0000000000000000      0x380
 .debug_ranges  0x0000000000000000       0x68 Core/Src/LED.o
 .debug_ranges  0x0000000000000068       0x50 Core/Src/Radio.o
 .debug_ranges  0x00000000000000b8       0x28 Core/Src/System.o
 .debug_ranges  0x00000000000000e0       0x18 Core/Src/main.o
 .debug_ranges  0x00000000000000f8       0x18 Core/Src/system_stm32l0xx.o
 .debug_ranges  0x0000000000000110       0x20 Core/Startup/startup_stm32l010k4tx.o
 .debug_ranges  0x0000000000000130       0xb0 Drivers/STM32L0xx_HAL_Driver/Src/stm32l0xx_hal_cortex.o
 .debug_ranges  0x00000000000001e0       0x38 STM32X/Lib/CLK.o
 .debug_ranges  0x0000000000000218       0x78 STM32X/Lib/Core.o
 .debug_ranges  0x0000000000000290       0x58 STM32X/Lib/GPIO.o
 .debug_ranges  0x00000000000002e8       0x98 STM32X/Lib/TIM.o

.debug_macro    0x0000000000000000    0x104e0
 .debug_macro   0x0000000000000000      0x22e Core/Src/LED.o
 .debug_macro   0x000000000000022e      0xa48 Core/Src/LED.o
 .debug_macro   0x0000000000000c76       0x22 Core/Src/LED.o
 .debug_macro   0x0000000000000c98       0x8e Core/Src/LED.o
 .debug_macro   0x0000000000000d26       0x51 Core/Src/LED.o
 .debug_macro   0x0000000000000d77       0xef Core/Src/LED.o
 .debug_macro   0x0000000000000e66       0x6a Core/Src/LED.o
 .debug_macro   0x0000000000000ed0      0x1df Core/Src/LED.o
 .debug_macro   0x00000000000010af       0x22 Core/Src/LED.o
 .debug_macro   0x00000000000010d1       0xfa Core/Src/LED.o
 .debug_macro   0x00000000000011cb       0xa7 Core/Src/LED.o
 .debug_macro   0x0000000000001272       0x28 Core/Src/LED.o
 .debug_macro   0x000000000000129a       0x28 Core/Src/LED.o
 .debug_macro   0x00000000000012c2       0x1c Core/Src/LED.o
 .debug_macro   0x00000000000012de       0x22 Core/Src/LED.o
 .debug_macro   0x0000000000001300       0xb5 Core/Src/LED.o
 .debug_macro   0x00000000000013b5      0x3ad Core/Src/LED.o
 .debug_macro   0x0000000000001762     0x78b6 Core/Src/LED.o
 .debug_macro   0x0000000000009018       0x66 Core/Src/LED.o
 .debug_macro   0x000000000000907e     0x3555 Core/Src/LED.o
 .debug_macro   0x000000000000c5d3      0x174 Core/Src/LED.o
 .debug_macro   0x000000000000c747       0x5b Core/Src/LED.o
 .debug_macro   0x000000000000c7a2      0x899 Core/Src/LED.o
 .debug_macro   0x000000000000d03b      0x42e Core/Src/LED.o
 .debug_macro   0x000000000000d469      0x13f Core/Src/LED.o
 .debug_macro   0x000000000000d5a8       0xf1 Core/Src/LED.o
 .debug_macro   0x000000000000d699       0x82 Core/Src/LED.o
 .debug_macro   0x000000000000d71b      0x24f Core/Src/LED.o
 .debug_macro   0x000000000000d96a       0x28 Core/Src/LED.o
 .debug_macro   0x000000000000d992      0x4da Core/Src/LED.o
 .debug_macro   0x000000000000de6c       0x65 Core/Src/LED.o
 .debug_macro   0x000000000000ded1      0x129 Core/Src/LED.o
 .debug_macro   0x000000000000dffa      0x1c6 Core/Src/LED.o
 .debug_macro   0x000000000000e1c0       0xb0 Core/Src/LED.o
 .debug_macro   0x000000000000e270       0x16 Core/Src/LED.o
 .debug_macro   0x000000000000e286      0x773 Core/Src/LED.o
 .debug_macro   0x000000000000e9f9       0x6c Core/Src/LED.o
 .debug_macro   0x000000000000ea65      0x5ba Core/Src/LED.o
 .debug_macro   0x000000000000f01f       0x44 Core/Src/LED.o
 .debug_macro   0x000000000000f063      0x100 Core/Src/LED.o
 .debug_macro   0x000000000000f163       0x22 Core/Src/LED.o
 .debug_macro   0x000000000000f185       0x22 Core/Src/LED.o
 .debug_macro   0x000000000000f1a7      0x224 Core/Src/Radio.o
 .debug_macro   0x000000000000f3cb       0x22 Core/Src/Radio.o
 .debug_macro   0x000000000000f3ed      0x216 Core/Src/System.o
 .debug_macro   0x000000000000f603       0x28 Core/Src/System.o
 .debug_macro   0x000000000000f62b      0x243 Core/Src/main.o
 .debug_macro   0x000000000000f86e      0x1ca Core/Src/system_stm32l0xx.o
 .debug_macro   0x000000000000fa38       0x2e Core/Src/system_stm32l0xx.o
 .debug_macro   0x000000000000fa66      0x1ca Drivers/STM32L0xx_HAL_Driver/Src/stm32l0xx_hal_cortex.o
 .debug_macro   0x000000000000fc30      0x239 STM32X/Lib/CLK.o
 .debug_macro   0x000000000000fe69       0x10 STM32X/Lib/CLK.o
 .debug_macro   0x000000000000fe79      0x23c STM32X/Lib/Core.o
 .debug_macro   0x00000000000100b5      0x1ff STM32X/Lib/GPIO.o
 .debug_macro   0x00000000000102b4      0x22c STM32X/Lib/TIM.o

.debug_line     0x0000000000000000     0x5698
 .debug_line    0x0000000000000000      0x8e0 Core/Src/LED.o
 .debug_line    0x00000000000008e0      0x882 Core/Src/Radio.o
 .debug_line    0x0000000000001162      0x7f4 Core/Src/System.o
 .debug_line    0x0000000000001956      0x81b Core/Src/main.o
 .debug_line    0x0000000000002171      0x797 Core/Src/system_stm32l0xx.o
 .debug_line    0x0000000000002908       0x9b Core/Startup/startup_stm32l010k4tx.o
 .debug_line    0x00000000000029a3      0x942 Drivers/STM32L0xx_HAL_Driver/Src/stm32l0xx_hal_cortex.o
 .debug_line    0x00000000000032e5      0x83f STM32X/Lib/CLK.o
 .debug_line    0x0000000000003b24      0x904 STM32X/Lib/Core.o
 .debug_line    0x0000000000004428      0x8fb STM32X/Lib/GPIO.o
 .debug_line    0x0000000000004d23      0x975 STM32X/Lib/TIM.o

.debug_str      0x0000000000000000    0x64d3c
 .debug_str     0x0000000000000000    0x63e0d Core/Src/LED.o
                                      0x64102 (size before relaxing)
 .debug_str     0x0000000000063e0d      0x1b9 Core/Src/Radio.o
                                      0x6417f (size before relaxing)
 .debug_str     0x0000000000063fc6       0x7e Core/Src/System.o
                                      0x6405a (size before relaxing)
 .debug_str     0x0000000000064044       0x13 Core/Src/main.o
                                      0x640e9 (size before relaxing)
 .debug_str     0x0000000000064057       0xf9 Core/Src/system_stm32l0xx.o
                                      0x63c22 (size before relaxing)
 .debug_str     0x0000000000064150       0x36 Core/Startup/startup_stm32l010k4tx.o
                                         0x5c (size before relaxing)
 .debug_str     0x0000000000064186      0x31f Drivers/STM32L0xx_HAL_Driver/Src/stm32l0xx_hal_cortex.o
                                      0x63f48 (size before relaxing)
 .debug_str     0x00000000000644a5      0x1e1 STM32X/Lib/CLK.o
                                      0x6413b (size before relaxing)
 .debug_str     0x0000000000064686      0x232 STM32X/Lib/Core.o
                                      0x6446f (size before relaxing)
 .debug_str     0x00000000000648b8      0x201 STM32X/Lib/GPIO.o
                                      0x643f2 (size before relaxing)
 .debug_str     0x0000000000064ab9      0x283 STM32X/Lib/TIM.o
                                      0x64473 (size before relaxing)

.comment        0x0000000000000000       0x7b
 .comment       0x0000000000000000       0x7b Core/Src/LED.o
                                         0x7c (size before relaxing)
 .comment       0x000000000000007b       0x7c Core/Src/Radio.o
 .comment       0x000000000000007b       0x7c Core/Src/System.o
 .comment       0x000000000000007b       0x7c Core/Src/main.o
 .comment       0x000000000000007b       0x7c Core/Src/system_stm32l0xx.o
 .comment       0x000000000000007b       0x7c Drivers/STM32L0xx_HAL_Driver/Src/stm32l0xx_hal_cortex.o
 .comment       0x000000000000007b       0x7c STM32X/Lib/CLK.o
 .comment       0x000000000000007b       0x7c STM32X/Lib/Core.o
 .comment       0x000000000000007b       0x7c STM32X/Lib/GPIO.o
 .comment       0x000000000000007b       0x7c STM32X/Lib/TIM.o

.debug_frame    0x0000000000000000      0xc88
 .debug_frame   0x0000000000000000      0x170 Core/Src/LED.o
 .debug_frame   0x0000000000000170      0x118 Core/Src/Radio.o
 .debug_frame   0x0000000000000288       0x84 Core/Src/System.o
 .debug_frame   0x000000000000030c       0x50 Core/Src/main.o
 .debug_frame   0x000000000000035c       0x4c Core/Src/system_stm32l0xx.o
 .debug_frame   0x00000000000003a8      0x2a0 Drivers/STM32L0xx_HAL_Driver/Src/stm32l0xx_hal_cortex.o
 .debug_frame   0x0000000000000648       0xb8 STM32X/Lib/CLK.o
 .debug_frame   0x0000000000000700      0x1a8 STM32X/Lib/Core.o
 .debug_frame   0x00000000000008a8      0x150 STM32X/Lib/GPIO.o
 .debug_frame   0x00000000000009f8      0x244 STM32X/Lib/TIM.o
 .debug_frame   0x0000000000000c3c       0x2c c:/program files (x86)/stm32cubeide_1.5.1/stm32cubeide/plugins/com.st.stm32cube.ide.mcu.externaltools.gnu-tools-for-stm32.7-2018-q2-update.win32_1.5.0.202011040924/tools/bin/../lib/gcc/arm-none-eabi/7.3.1/../../../../arm-none-eabi/lib/thumb/v6-m\libc_nano.a(lib_a-init.o)
 .debug_frame   0x0000000000000c68       0x20 c:/program files (x86)/stm32cubeide_1.5.1/stm32cubeide/plugins/com.st.stm32cube.ide.mcu.externaltools.gnu-tools-for-stm32.7-2018-q2-update.win32_1.5.0.202011040924/tools/bin/../lib/gcc/arm-none-eabi/7.3.1/thumb/v6-m\libgcc.a(_udivsi3.o)
