GPIO.inl:21:20:GPIO_EnableOutput	24	static
GPIO.inl:28:20:GPIO_Set	16	static
GPIO.inl:33:20:GPIO_Reset	16	static
Motor.c:44:6:MOTOR_Init	8	static
Motor.c:55:6:MOTOR_Update	24	static
Motor.c:159:6:MOTOR_TurnOFF	8	static
Motor.c:181:6:MOTOR_UpdatePWM	16	static
Motor.c:186:6:MOTOR_DirectionChanged	16	static
Motor.c:238:6:MOTOR_N2TimerPulseISR	8	static
Motor.c:243:6:MOTOR_N2TimerReloadISR	8	static
Motor.c:248:6:MOTOR_N1TimerPulseISR	8	static
Motor.c:253:6:MOTOR_N1TimerReloadISR	8	static
Motor.c:258:6:MOTOR_TimerBlankIRQ	8	static
