GPIO.inl:21:20:GPIO_EnableOutput	24	static
GPIO.inl:28:20:GPIO_Set	16	static
GPIO.inl:33:20:GPIO_Reset	16	static
Motor.c:44:6:MOTOR_Init	8	static
Motor.c:57:6:MOTOR_Update	24	static
Motor.c:161:6:MOTOR_TurnOFF	8	static
Motor.c:183:6:MOTOR_UpdatePWM	16	static
Motor.c:188:6:MOTOR_DirectionChanged	16	static
Motor.c:240:6:MOTOR_N2TimerPulseISR	8	static
Motor.c:245:6:MOTOR_N2TimerReloadISR	8	static
Motor.c:250:6:MOTOR_N1TimerPulseISR	8	static
Motor.c:255:6:MOTOR_N1TimerReloadISR	8	static
Motor.c:260:6:MOTOR_TimerBlankIRQ	8	static
