CLK.inl:15:24:CLK_GetPCLKFreq	8	static
TIM.c:105:6:TIM_Init	32	static
TIM.c:118:6:TIM_SetFreq	24	static
TIM.c:124:6:TIM_SetReload	16	static
TIM.c:130:6:TIM_OnReload	16	static
TIM.c:136:6:TIM_OnPulse	32	static
TIM.c:146:6:TIM_EnablePwm	24	static
TIM.c:154:6:TIM_SetPulse	24	static
TIM.c:174:6:TIM_Start	16	static
TIM.c:180:6:TIM_Stop	16	static
TIM.c:185:6:TIM_Deinit	16	static
TIM.c:196:13:TIM_EnableOCx	24	static
TIM.c:237:13:TIM_Reload	24	static
TIM.c:251:13:TIMx_Init	16	static
TIM.c:328:13:TIMx_Deinit	16	static
TIM.c:409:13:TIM_IRQHandler	24	static
TIM.c:450:6:TIM2_IRQHandler	8	static
TIM.c:492:6:TIM21_IRQHandler	8	static
