CLK.inl:15:24:CLK_GetPCLKFreq	8	static
TIM.c:99:6:TIM_Init	32	static
TIM.c:112:6:TIM_SetFreq	24	static
TIM.c:118:6:TIM_SetReload	16	static
TIM.c:124:6:TIM_OnReload	16	static
TIM.c:130:6:TIM_OnPulse	32	static
TIM.c:140:6:TIM_EnablePwm	24	static
TIM.c:148:6:TIM_SetPulse	24	static
TIM.c:168:6:TIM_Start	16	static
TIM.c:174:6:TIM_Stop	16	static
TIM.c:179:6:TIM_Deinit	16	static
TIM.c:190:13:TIM_EnableOCx	24	static
TIM.c:231:13:TIM_Reload	24	static
TIM.c:245:13:TIMx_Init	16	static
TIM.c:315:13:TIMx_Deinit	16	static
TIM.c:390:13:TIM_IRQHandler	24	static
TIM.c:431:6:TIM2_IRQHandler	8	static
TIM.c:467:6:TIM21_IRQHandler	8	static
