Archive member included to satisfy reference by file (symbol)

c:/st/stm32cubeide_1.6.1/stm32cubeide/plugins/com.st.stm32cube.ide.mcu.externaltools.gnu-tools-for-stm32.9-2020-q2-update.win32_1.5.0.202011040924/tools/bin/../lib/gcc/arm-none-eabi/9.3.1/../../../../arm-none-eabi/lib/thumb/v6-m/nofp\libc_nano.a(lib_a-exit.o)
                              c:/st/stm32cubeide_1.6.1/stm32cubeide/plugins/com.st.stm32cube.ide.mcu.externaltools.gnu-tools-for-stm32.9-2020-q2-update.win32_1.5.0.202011040924/tools/bin/../lib/gcc/arm-none-eabi/9.3.1/../../../../arm-none-eabi/lib/thumb/v6-m/nofp/crt0.o (exit)
c:/st/stm32cubeide_1.6.1/stm32cubeide/plugins/com.st.stm32cube.ide.mcu.externaltools.gnu-tools-for-stm32.9-2020-q2-update.win32_1.5.0.202011040924/tools/bin/../lib/gcc/arm-none-eabi/9.3.1/../../../../arm-none-eabi/lib/thumb/v6-m/nofp\libc_nano.a(lib_a-impure.o)
                              c:/st/stm32cubeide_1.6.1/stm32cubeide/plugins/com.st.stm32cube.ide.mcu.externaltools.gnu-tools-for-stm32.9-2020-q2-update.win32_1.5.0.202011040924/tools/bin/../lib/gcc/arm-none-eabi/9.3.1/../../../../arm-none-eabi/lib/thumb/v6-m/nofp\libc_nano.a(lib_a-exit.o) (_global_impure_ptr)
c:/st/stm32cubeide_1.6.1/stm32cubeide/plugins/com.st.stm32cube.ide.mcu.externaltools.gnu-tools-for-stm32.9-2020-q2-update.win32_1.5.0.202011040924/tools/bin/../lib/gcc/arm-none-eabi/9.3.1/../../../../arm-none-eabi/lib/thumb/v6-m/nofp\libc_nano.a(lib_a-init.o)
                              c:/st/stm32cubeide_1.6.1/stm32cubeide/plugins/com.st.stm32cube.ide.mcu.externaltools.gnu-tools-for-stm32.9-2020-q2-update.win32_1.5.0.202011040924/tools/bin/../lib/gcc/arm-none-eabi/9.3.1/../../../../arm-none-eabi/lib/thumb/v6-m/nofp/crt0.o (__libc_init_array)
c:/st/stm32cubeide_1.6.1/stm32cubeide/plugins/com.st.stm32cube.ide.mcu.externaltools.gnu-tools-for-stm32.9-2020-q2-update.win32_1.5.0.202011040924/tools/bin/../lib/gcc/arm-none-eabi/9.3.1/../../../../arm-none-eabi/lib/thumb/v6-m/nofp\libc_nano.a(lib_a-memset.o)
                              c:/st/stm32cubeide_1.6.1/stm32cubeide/plugins/com.st.stm32cube.ide.mcu.externaltools.gnu-tools-for-stm32.9-2020-q2-update.win32_1.5.0.202011040924/tools/bin/../lib/gcc/arm-none-eabi/9.3.1/../../../../arm-none-eabi/lib/thumb/v6-m/nofp/crt0.o (memset)
c:/st/stm32cubeide_1.6.1/stm32cubeide/plugins/com.st.stm32cube.ide.mcu.externaltools.gnu-tools-for-stm32.9-2020-q2-update.win32_1.5.0.202011040924/tools/bin/../lib/gcc/arm-none-eabi/9.3.1/../../../../arm-none-eabi/lib/thumb/v6-m/nofp\libc_nano.a(lib_a-strlen.o)
                              Core/Src/UART.o (strlen)
c:/st/stm32cubeide_1.6.1/stm32cubeide/plugins/com.st.stm32cube.ide.mcu.externaltools.gnu-tools-for-stm32.9-2020-q2-update.win32_1.5.0.202011040924/tools/bin/../lib/gcc/arm-none-eabi/9.3.1/thumb/v6-m/nofp\libgcc.a(_thumb1_case_sqi.o)
                              Drivers/STM32L0xx_HAL_Driver/Src/stm32l0xx_hal_uart.o (__gnu_thumb1_case_sqi)
c:/st/stm32cubeide_1.6.1/stm32cubeide/plugins/com.st.stm32cube.ide.mcu.externaltools.gnu-tools-for-stm32.9-2020-q2-update.win32_1.5.0.202011040924/tools/bin/../lib/gcc/arm-none-eabi/9.3.1/thumb/v6-m/nofp\libgcc.a(_thumb1_case_uqi.o)
                              Core/Src/TIM.o (__gnu_thumb1_case_uqi)
c:/st/stm32cubeide_1.6.1/stm32cubeide/plugins/com.st.stm32cube.ide.mcu.externaltools.gnu-tools-for-stm32.9-2020-q2-update.win32_1.5.0.202011040924/tools/bin/../lib/gcc/arm-none-eabi/9.3.1/thumb/v6-m/nofp\libgcc.a(_udivsi3.o)
                              Core/Src/ADC.o (__aeabi_uidiv)
c:/st/stm32cubeide_1.6.1/stm32cubeide/plugins/com.st.stm32cube.ide.mcu.externaltools.gnu-tools-for-stm32.9-2020-q2-update.win32_1.5.0.202011040924/tools/bin/../lib/gcc/arm-none-eabi/9.3.1/thumb/v6-m/nofp\libgcc.a(_divsi3.o)
                              Core/Src/system_stm32l0xx.o (__aeabi_idiv)
c:/st/stm32cubeide_1.6.1/stm32cubeide/plugins/com.st.stm32cube.ide.mcu.externaltools.gnu-tools-for-stm32.9-2020-q2-update.win32_1.5.0.202011040924/tools/bin/../lib/gcc/arm-none-eabi/9.3.1/thumb/v6-m/nofp\libgcc.a(_dvmd_tls.o)
                              c:/st/stm32cubeide_1.6.1/stm32cubeide/plugins/com.st.stm32cube.ide.mcu.externaltools.gnu-tools-for-stm32.9-2020-q2-update.win32_1.5.0.202011040924/tools/bin/../lib/gcc/arm-none-eabi/9.3.1/thumb/v6-m/nofp\libgcc.a(_udivsi3.o) (__aeabi_idiv0)
c:/st/stm32cubeide_1.6.1/stm32cubeide/plugins/com.st.stm32cube.ide.mcu.externaltools.gnu-tools-for-stm32.9-2020-q2-update.win32_1.5.0.202011040924/tools/bin/../lib/gcc/arm-none-eabi/9.3.1/thumb/v6-m/nofp\libgcc.a(_aeabi_ldivmod.o)
                              Drivers/STM32L0xx_HAL_Driver/Src/stm32l0xx_hal_uart.o (__aeabi_ldivmod)
c:/st/stm32cubeide_1.6.1/stm32cubeide/plugins/com.st.stm32cube.ide.mcu.externaltools.gnu-tools-for-stm32.9-2020-q2-update.win32_1.5.0.202011040924/tools/bin/../lib/gcc/arm-none-eabi/9.3.1/thumb/v6-m/nofp\libgcc.a(_aeabi_uldivmod.o)
[...]
Memory Configuration

Name             Origin             Length             Attributes
RAM              0x0000000020000000 0x0000000000000800 xrw
FLASH            0x0000000008000000 0x0000000000004000 xr
*default*        0x0000000000000000 0xffffffffffffffff

Linker script and memory map

LOAD c:/st/stm32cubeide_1.6.1/stm32cubeide/plugins/com.st.stm32cube.ide.mcu.externaltools.gnu-tools-for-stm32.9-2020-q2-update.win32_1.5.0.202011040924/tools/bin/../lib/gcc/arm-none-eabi/9.3.1/thumb/v6-m/nofp/crti.o
LOAD c:/st/stm32cubeide_1.6.1/stm32cubeide/plugins/com.st.stm32cube.ide.mcu.externaltools.gnu-tools-for-stm32.9-2020-q2-update.win32_1.5.0.202011040924/tools/bin/../lib/gcc/arm-none-eabi/9.3.1/thumb/v6-m/nofp/crtbegin.o
LOAD c:/st/stm32cubeide_1.6.1/stm32cubeide/plugins/com.st.stm32cube.ide.mcu.externaltools.gnu-tools-for-stm32.9-2020-q2-update.win32_1.5.0.202011040924/tools/bin/../lib/gcc/arm-none-eabi/9.3.1/../../../../arm-none-eabi/lib/thumb/v6-m/nofp/crt0.o
LOAD Core/Src/ADC.o
LOAD Core/Src/CLK.o
LOAD Core/Src/Core.o
LOAD Core/Src/GPIO.o
LOAD Core/Src/Motor.o
LOAD Core/Src/Radio.o
LOAD Core/Src/System.o
LOAD Core/Src/TIM.o
LOAD Core/Src/UART.o
LOAD Core/Src/US.o
LOAD Core/Src/main.o
LOAD Core/Src/system_stm32l0xx.o
LOAD Core/Startup/startup_stm32l010k4tx.o
LOAD Drivers/STM32L0xx_HAL_Driver/Src/stm32l0xx_hal.o
LOAD Drivers/STM32L0xx_HAL_Driver/Src/stm32l0xx_hal_adc.o
LOAD Drivers/STM32L0xx_HAL_Driver/Src/stm32l0xx_hal_adc_ex.o
LOAD Drivers/STM32L0xx_HAL_Driver/Src/stm32l0xx_hal_cortex.o
LOAD Drivers/STM32L0xx_HAL_Driver/Src/stm32l0xx_hal_exti.o
LOAD Drivers/STM32L0xx_HAL_Driver/Src/stm32l0xx_hal_flash.o
LOAD Drivers/STM32L0xx_HAL_Driver/Src/stm32l0xx_hal_flash_ex.o
LOAD Drivers/STM32L0xx_HAL_Driver/Src/stm32l0xx_hal_flash_ramfunc.o
LOAD Drivers/STM32L0xx_HAL_Driver/Src/stm32l0xx_hal_gpio.o
LOAD Drivers/STM32L0xx_HAL_Driver/Src/stm32l0xx_hal_tim.o
LOAD Drivers/STM32L0xx_HAL_Driver/Src/stm32l0xx_hal_tim_ex.o
LOAD Drivers/STM32L0xx_HAL_Driver/Src/stm32l0xx_hal_uart.o
LOAD Drivers/STM32L0xx_HAL_Driver/Src/stm32l0xx_hal_uart_ex.o
START GROUP
LOAD c:/st/stm32cubeide_1.6.1/stm32cubeide/plugins/com.st.stm32cube.ide.mcu.externaltools.gnu-tools-for-stm32.9-2020-q2-update.win32_1.5.0.202011040924/tools/bin/../lib/gcc/arm-none-eabi/9.3.1/../../../../arm-none-eabi/lib/thumb/v6-m/nofp\libc_nano.a
LOAD c:/st/stm32cubeide_1.6.1/stm32cubeide/plugins/com.st.stm32cube.ide.mcu.externaltools.gnu-tools-for-stm32.9-2020-q2-update.win32_1.5.0.202011040924/tools/bin/../lib/gcc/arm-none-eabi/9.3.1/../../../../arm-none-eabi/lib/thumb/v6-m/nofp\libm.a
END GROUP
START GROUP
LOAD c:/st/stm32cubeide_1.6.1/stm32cubeide/plugins/com.st.stm32cube.ide.mcu.externaltools.gnu-tools-for-stm32.9-2020-q2-update.win32_1.5.0.202011040924/tools/bin/../lib/gcc/arm-none-eabi/9.3.1/thumb/v6-m/nofp\libgcc.a
LOAD c:/st/stm32cubeide_1.6.1/stm32cubeide/plugins/com.st.stm32cube.ide.mcu.externaltools.gnu-tools-for-stm32.9-2020-q2-update.win32_1.5.0.202011040924/tools/bin/../lib/gcc/arm-none-eabi/9.3.1/../../../../arm-none-eabi/lib/thumb/v6-m/nofp\libc_nano.a
END GROUP
START GROUP
LOAD c:/st/stm32cubeide_1.6.1/stm32cubeide/plugins/com.st.stm32cube.ide.mcu.externaltools.gnu-tools-for-stm32.9-2020-q2-update.win32_1.5.0.202011040924/tools/bin/../lib/gcc/arm-none-eabi/9.3.1/thumb/v6-m/nofp\libgcc.a
LOAD c:/st/stm32cubeide_1.6.1/stm32cubeide/plugins/com.st.stm32cube.ide.mcu.externaltools.gnu-tools-for-stm32.9-2020-q2-update.win32_1.5.0.202011040924/tools/bin/../lib/gcc/arm-none-eabi/9.3.1/../../../../arm-none-eabi/lib/thumb/v6-m/nofp\libc_nano.a
LOAD c:/st/stm32cubeide_1.6.1/stm32cubeide/plugins/com.st.stm32cube.ide.mcu.externaltools.gnu-tools-for-stm32.9-2020-q2-update.win32_1.5.0.202011040924/tools/bin/../lib/gcc/arm-none-eabi/9.3.1/../../../../arm-none-eabi/lib/thumb/v6-m/nofp\libnosys.a
END GROUP
START GROUP
LOAD c:/st/stm32cubeide_1.6.1/stm32cubeide/plugins/com.st.stm32cube.ide.mcu.externaltools.gnu-tools-for-stm32.9-2020-q2-update.win32_1.5.0.202011040924/tools/bin/../lib/gcc/arm-none-eabi/9.3.1/thumb/v6-m/nofp\libgcc.a
LOAD c:/st/stm32cubeide_1.6.1/stm32cubeide/plugins/com.st.stm32cube.ide.mcu.externaltools.gnu-tools-for-stm32.9-2020-q2-update.win32_1.5.0.202011040924/tools/bin/../lib/gcc/arm-none-eabi/9.3.1/../../../../arm-none-eabi/lib/thumb/v6-m/nofp\libc_nano.a
LOAD c:/st/stm32cubeide_1.6.1/stm32cubeide/plugins/com.st.stm32cube.ide.mcu.externaltools.gnu-tools-for-stm32.9-2020-q2-update.win32_1.5.0.202011040924/tools/bin/../lib/gcc/arm-none-eabi/9.3.1/../../../../arm-none-eabi/lib/thumb/v6-m/nofp\libnosys.a
END GROUP
LOAD c:/st/stm32cubeide_1.6.1/stm32cubeide/plugins/com.st.stm32cube.ide.mcu.externaltools.gnu-tools-for-stm32.9-2020-q2-update.win32_1.5.0.202011040924/tools/bin/../lib/gcc/arm-none-eabi/9.3.1/thumb/v6-m/nofp/crtend.o
LOAD c:/st/stm32cubeide_1.6.1/stm32cubeide/plugins/com.st.stm32cube.ide.mcu.externaltools.gnu-tools-for-stm32.9-2020-q2-update.win32_1.5.0.202011040924/tools/bin/../lib/gcc/arm-none-eabi/9.3.1/thumb/v6-m/nofp/crtn.o
                0x0000000020000800                _estack = (ORIGIN (RAM) + LENGTH (RAM))
                0x0000000000000200                _Min_Heap_Size = 0x200
                0x0000000000000400                _Min_Stack_Size = 0x400

.isr_vector     0x0000000008000000       0xc0
                0x0000000008000000                . = ALIGN (0x4)
 *(.isr_vector)
 .isr_vector    0x0000000008000000       0xc0 Core/Startup/startup_stm32l010k4tx.o
                0x0000000008000000                g_pfnVectors
                0x00000000080000c0                . = ALIGN (0x4)

.text           0x00000000080000c0     0x1320
                0x00000000080000c0                . = ALIGN (0x4)
 *(.text)
 .text          0x00000000080000c0       0x48 c:/st/stm32cubeide_1.6.1/stm32cubeide/plugins/com.st.stm32cube.ide.mcu.externaltools.gnu-tools-for-stm32.9-2020-q2-update.win32_1.5.0.202011040924/tools/bin/../lib/gcc/arm-none-eabi/9.3.1/thumb/v6-m/nofp/crtbegin.o
 .text          0x0000000008000108       0x14 c:/st/stm32cubeide_1.6.1/stm32cubeide/plugins/com.st.stm32cube.ide.mcu.externaltools.gnu-tools-for-stm32.9-2020-q2-update.win32_1.5.0.202011040924/tools/bin/../lib/gcc/arm-none-eabi/9.3.1/thumb/v6-m/nofp\libgcc.a(_thumb1_case_uqi.o)
                0x0000000008000108                __gnu_thumb1_case_uqi
 .text          0x000000000800011c      0x114 c:/st/stm32cubeide_1.6.1/stm32cubeide/plugins/com.st.stm32cube.ide.mcu.externaltools.gnu-tools-for-stm32.9-2020-q2-update.win32_1.5.0.202011040924/tools/bin/../lib/gcc/arm-none-eabi/9.3.1/thumb/v6-m/nofp\libgcc.a(_udivsi3.o)
                0x000000000800011c                __aeabi_uidiv
                0x000000000800011c                __udivsi3
                0x0000000008000228                __aeabi_uidivmod
 .text          0x0000000008000230        0x4 c:/st/stm32cubeide_1.6.1/stm32cubeide/plugins/com.st.stm32cube.ide.mcu.externaltools.gnu-tools-for-stm32.9-2020-q2-update.win32_1.5.0.202011040924/tools/bin/../lib/gcc/arm-none-eabi/9.3.1/thumb/v6-m/nofp\libgcc.a(_dvmd_tls.o)
                0x0000000008000230                __aeabi_idiv0
                0x0000000008000230                __aeabi_ldiv0
 *(.text*)
 .text.ADC_Init
                0x0000000008000234       0x80 Core/Src/ADC.o
                0x0000000008000234                ADC_Init
 .text.ADC_Read
                0x00000000080002b4       0x24 Core/Src/ADC.o
                0x00000000080002b4                ADC_Read
 .text.AIN_AinToDivider
                0x00000000080002d8       0x24 Core/Src/ADC.o
                0x00000000080002d8                AIN_AinToDivider
 .text.CLK_InitSYSCLK
                0x00000000080002fc       0xb4 Core/Src/CLK.o
                0x00000000080002fc                CLK_InitSYSCLK
 .text.CLK_EnableADCCLK
                0x00000000080003b0        0x2 Core/Src/CLK.o
                0x00000000080003b0                CLK_EnableADCCLK
 *fill*         0x00000000080003b2        0x2 
 .text.CORE_Init
                0x00000000080003b4       0xc4 Core/Src/Core.o
                0x00000000080003b4                CORE_Init
 .text.CORE_Idle
                0x0000000008000478        0x4 Core/Src/Core.o
                0x0000000008000478                CORE_Idle
 .text.CORE_Delay
                0x000000000800047c       0x1c Core/Src/Core.o
                0x000000000800047c                CORE_Delay
 .text.SysTick_Handler
                0x0000000008000498       0x10 Core/Src/Core.o
                0x0000000008000498                SysTick_Handler
 .text.EXTIx_IRQHandler
                0x00000000080004a8       0x24 Core/Src/GPIO.o
 .text.GPIO_Write
                0x00000000080004cc        0xc Core/Src/GPIO.o
                0x00000000080004cc                GPIO_Write
 .text.GPIO_OnChange
                0x00000000080004d8       0xcc Core/Src/GPIO.o
                0x00000000080004d8                GPIO_OnChange
 .text.GPIO_Init
                0x00000000080005a4       0xa0 Core/Src/GPIO.o
                0x00000000080005a4                GPIO_Init
 .text.GPIO_EnableAlternate
                0x0000000008000644       0x50 Core/Src/GPIO.o
                0x0000000008000644                GPIO_EnableAlternate
 .text.EXTI4_15_IRQHandler
                0x0000000008000694       0x10 Core/Src/GPIO.o
                0x0000000008000694                EXTI4_15_IRQHandler
 .text.MOTOR_N2TimerPulseISR
                0x00000000080006a4        0xc Core/Src/Motor.o
                0x00000000080006a4                MOTOR_N2TimerPulseISR
 .text.MOTOR_N2TimerReloadISR
                0x00000000080006b0        0xc Core/Src/Motor.o
                0x00000000080006b0                MOTOR_N2TimerReloadISR
 .text.MOTOR_N1TimerPulseISR
                0x00000000080006bc        0xa Core/Src/Motor.o
                0x00000000080006bc                MOTOR_N1TimerPulseISR
 .text.MOTOR_N1TimerReloadISR
                0x00000000080006c6        0xa Core/Src/Motor.o
                0x00000000080006c6                MOTOR_N1TimerReloadISR
 .text.GPIO_EnableOutput.constprop.0
                0x00000000080006d0       0x1e Core/Src/Motor.o
 .text.MOTOR_Init
                0x00000000080006ee       0x1e Core/Src/Motor.o
                0x00000000080006ee                MOTOR_Init
 .text.MOTOR_Update
                0x000000000800070c      0x2b0 Core/Src/Motor.o
                0x000000000800070c                MOTOR_Update
 .text.RADIO_SPWM_IRQ
                0x00000000080009bc       0x40 Core/Src/Radio.o
                0x00000000080009bc                RADIO_SPWM_IRQ
 .text.RADIO_Init
                0x00000000080009fc       0x54 Core/Src/Radio.o
                0x00000000080009fc                RADIO_Init
 .text.SYSTEM_Init
                0x0000000008000a50       0xf8 Core/Src/System.o
                0x0000000008000a50                SYSTEM_Init
 .text.SYSTEM_Update
                0x0000000008000b48      0x13c Core/Src/System.o
                0x0000000008000b48                SYSTEM_Update
 .text.TIM_IRQHandler
                0x0000000008000c84       0x5c Core/Src/TIM.o
 .text.TIM_EnableOCx.isra.0
                0x0000000008000ce0       0x7c Core/Src/TIM.o
 .text.TIM_SetFreq
                0x0000000008000d5c       0x14 Core/Src/TIM.o
                0x0000000008000d5c                TIM_SetFreq
 .text.TIM_Init
                0x0000000008000d70       0x64 Core/Src/TIM.o
                0x0000000008000d70                TIM_Init
 .text.TIM_OnReload
                0x0000000008000dd4       0x10 Core/Src/TIM.o
                0x0000000008000dd4                TIM_OnReload
 .text.TIM_OnPulse
                0x0000000008000de4       0x24 Core/Src/TIM.o
                0x0000000008000de4                TIM_OnPulse
 .text.TIM_SetPulse
                0x0000000008000e08       0x24 Core/Src/TIM.o
                0x0000000008000e08                TIM_SetPulse
 .text.TIM_Start
                0x0000000008000e2c       0x1c Core/Src/TIM.o
                0x0000000008000e2c                TIM_Start
 .text.TIM_Deinit
                0x0000000008000e48       0x60 Core/Src/TIM.o
                0x0000000008000e48                TIM_Deinit
 .text.TIM2_IRQHandler
                0x0000000008000ea8       0x10 Core/Src/TIM.o
                0x0000000008000ea8                TIM2_IRQHandler
 .text.TIM21_IRQHandler
                0x0000000008000eb8       0x10 Core/Src/TIM.o
                0x0000000008000eb8                TIM21_IRQHandler
 .text.UART_Init
                0x0000000008000ec8       0xb8 Core/Src/UART.o
                0x0000000008000ec8                UART_Init
 .text.UART_Write
                0x0000000008000f80       0x3c Core/Src/UART.o
                0x0000000008000f80                UART_Write
 .text.UART_WriteCount
                0x0000000008000fbc       0x2a Core/Src/UART.o
                0x0000000008000fbc                UART_WriteCount
 .text.UART_WriteFlush
                0x0000000008000fe6       0x16 Core/Src/UART.o
                0x0000000008000fe6                UART_WriteFlush
 .text.UART_IRQHandler
                0x0000000008000ffc       0x56 Core/Src/UART.o
                0x0000000008000ffc                UART_IRQHandler
 *fill*         0x0000000008001052        0x2 
 .text.USART2_IRQHandler
                0x0000000008001054       0x10 Core/Src/UART.o
                0x0000000008001054                USART2_IRQHandler
 .text.startup.main
                0x0000000008001064       0x20 Core/Src/main.o
                0x0000000008001064                main
 .text.SystemInit
                0x0000000008001084        0x2 Core/Src/system_stm32l0xx.o
                0x0000000008001084                SystemInit
 *fill*         0x0000000008001086        0x2 
 .text.Reset_Handler
                0x0000000008001088       0x80 Core/Startup/startup_stm32l010k4tx.o
                0x0000000008001088                Reset_Handler
 .text.Default_Handler
                0x0000000008001108        0x2 Core/Startup/startup_stm32l010k4tx.o
                0x0000000008001108                HardFault_Handler
                0x0000000008001108                PendSV_Handler
                0x0000000008001108                NMI_Handler
                0x0000000008001108                I2C1_IRQHandler
                0x0000000008001108                SPI1_IRQHandler
                0x0000000008001108                EXTI2_3_IRQHandler
                0x0000000008001108                ADC1_IRQHandler
                0x0000000008001108                RTC_IRQHandler
                0x0000000008001108                RCC_IRQHandler
                0x0000000008001108                DMA1_Channel1_IRQHandler
                0x0000000008001108                Default_Handler
                0x0000000008001108                DMA1_Channel4_5_IRQHandler
                0x0000000008001108                EXTI0_1_IRQHandler
                0x0000000008001108                SVC_Handler
                0x0000000008001108                WWDG_IRQHandler
                0x0000000008001108                LPUART1_IRQHandler
                0x0000000008001108                DMA1_Channel2_3_IRQHandler
                0x0000000008001108                FLASH_IRQHandler
                0x0000000008001108                LPTIM1_IRQHandler
 .text.HAL_ADC_MspInit
                0x000000000800110a        0x2 Drivers/STM32L0xx_HAL_Driver/Src/stm32l0xx_hal_adc.o
                0x000000000800110a                HAL_ADC_MspInit
 .text.HAL_ADC_Init
                0x000000000800110c      0x1b4 Drivers/STM32L0xx_HAL_Driver/Src/stm32l0xx_hal_adc.o
                0x000000000800110c                HAL_ADC_Init
 .text.HAL_NVIC_SetPriority
                0x00000000080012c0       0x54 Drivers/STM32L0xx_HAL_Driver/Src/stm32l0xx_hal_cortex.o
                0x00000000080012c0                HAL_NVIC_SetPriority
 .text.HAL_NVIC_EnableIRQ
                0x0000000008001314       0x18 Drivers/STM32L0xx_HAL_Driver/Src/stm32l0xx_hal_cortex.o
                0x0000000008001314                HAL_NVIC_EnableIRQ
 .text.HAL_NVIC_DisableIRQ
                0x000000000800132c       0x20 Drivers/STM32L0xx_HAL_Driver/Src/stm32l0xx_hal_cortex.o
                0x000000000800132c                HAL_NVIC_DisableIRQ
 .text.HAL_SYSTICK_Config
                0x000000000800134c       0x34 Drivers/STM32L0xx_HAL_Driver/Src/stm32l0xx_hal_cortex.o
                0x000000000800134c                HAL_SYSTICK_Config
 .text.__libc_init_array
                0x0000000008001380       0x48 c:/st/stm32cubeide_1.6.1/stm32cubeide/plugins/com.st.stm32cube.ide.mcu.externaltools.gnu-tools-for-stm32.9-2020-q2-update.win32_1.5.0.202011040924/tools/bin/../lib/gcc/arm-none-eabi/9.3.1/../../../../arm-none-eabi/lib/thumb/v6-m/nofp\libc_nano.a(lib_a-init.o)
                0x0000000008001380                __libc_init_array
 *(.glue_7)
 .glue_7        0x00000000080013c8        0x0 linker stubs
 *(.glue_7t)
 .glue_7t       0x00000000080013c8        0x0 linker stubs
 *(.eh_frame)
 .eh_frame      0x00000000080013c8        0x0 c:/st/stm32cubeide_1.6.1/stm32cubeide/plugins/com.st.stm32cube.ide.mcu.externaltools.gnu-tools-for-stm32.9-2020-q2-update.win32_1.5.0.202011040924/tools/bin/../lib/gcc/arm-none-eabi/9.3.1/thumb/v6-m/nofp/crtbegin.o
 *(.init)
 .init          0x00000000080013c8        0x4 c:/st/stm32cubeide_1.6.1/stm32cubeide/plugins/com.st.stm32cube.ide.mcu.externaltools.gnu-tools-for-stm32.9-2020-q2-update.win32_1.5.0.202011040924/tools/bin/../lib/gcc/arm-none-eabi/9.3.1/thumb/v6-m/nofp/crti.o
                0x00000000080013c8                _init
 .init          0x00000000080013cc        0x8 c:/st/stm32cubeide_1.6.1/stm32cubeide/plugins/com.st.stm32cube.ide.mcu.externaltools.gnu-tools-for-stm32.9-2020-q2-update.win32_1.5.0.202011040924/tools/bin/../lib/gcc/arm-none-eabi/9.3.1/thumb/v6-m/nofp/crtn.o
 *(.fini)
 .fini          0x00000000080013d4        0x4 c:/st/stm32cubeide_1.6.1/stm32cubeide/plugins/com.st.stm32cube.ide.mcu.externaltools.gnu-tools-for-stm32.9-2020-q2-update.win32_1.5.0.202011040924/tools/bin/../lib/gcc/arm-none-eabi/9.3.1/thumb/v6-m/nofp/crti.o
                0x00000000080013d4                _fini
 .fini          0x00000000080013d8        0x8 c:/st/stm32cubeide_1.6.1/stm32cubeide/plugins/com.st.stm32cube.ide.mcu.externaltools.gnu-tools-for-stm32.9-2020-q2-update.win32_1.5.0.202011040924/tools/bin/../lib/gcc/arm-none-eabi/9.3.1/thumb/v6-m/nofp/crtn.o
                0x00000000080013e0                . = ALIGN (0x4)
                0x00000000080013e0                _etext = .

.vfp11_veneer   0x00000000080013e0        0x0
 .vfp11_veneer  0x00000000080013e0        0x0 linker stubs

.v4_bx          0x00000000080013e0        0x0
 .v4_bx         0x00000000080013e0        0x0 linker stubs

.iplt           0x00000000080013e0        0x0
 .iplt          0x00000000080013e0        0x0 c:/st/stm32cubeide_1.6.1/stm32cubeide/plugins/com.st.stm32cube.ide.mcu.externaltools.gnu-tools-for-stm32.9-2020-q2-update.win32_1.5.0.202011040924/tools/bin/../lib/gcc/arm-none-eabi/9.3.1/thumb/v6-m/nofp/crtbegin.o

.rel.dyn        0x00000000080013e0        0x0
 .rel.iplt      0x00000000080013e0        0x0 c:/st/stm32cubeide_1.6.1/stm32cubeide/plugins/com.st.stm32cube.ide.mcu.externaltools.gnu-tools-for-stm32.9-2020-q2-update.win32_1.5.0.202011040924/tools/bin/../lib/gcc/arm-none-eabi/9.3.1/thumb/v6-m/nofp/crtbegin.o

.rodata         0x00000000080013e0        0x0
                0x00000000080013e0                . = ALIGN (0x4)
 *(.rodata)
 *(.rodata*)
                0x00000000080013e0                . = ALIGN (0x4)

.ARM.extab      0x00000000080013e0        0x0
                0x00000000080013e0                . = ALIGN (0x4)
 *(.ARM.extab* .gnu.linkonce.armextab.*)
                0x00000000080013e0                . = ALIGN (0x4)

.ARM            0x00000000080013e0        0x0
                0x00000000080013e0                . = ALIGN (0x4)
                0x00000000080013e0                __exidx_start = .
 *(.ARM.exidx*)
                0x00000000080013e0                __exidx_end = .
                0x00000000080013e0                . = ALIGN (0x4)

.preinit_array  0x00000000080013e0        0x0
                0x00000000080013e0                . = ALIGN (0x4)
                0x00000000080013e0                PROVIDE (__preinit_array_start = .)
 *(.preinit_array*)
                0x00000000080013e0                PROVIDE (__preinit_array_end = .)
                0x00000000080013e0                . = ALIGN (0x4)

.init_array     0x00000000080013e0        0x4
                0x00000000080013e0                . = ALIGN (0x4)
                0x00000000080013e0                PROVIDE (__init_array_start = .)
 *(SORT_BY_NAME(.init_array.*))
 *(.init_array*)
 .init_array    0x00000000080013e0        0x4 c:/st/stm32cubeide_1.6.1/stm32cubeide/plugins/com.st.stm32cube.ide.mcu.externaltools.gnu-tools-for-stm32.9-2020-q2-update.win32_1.5.0.202011040924/tools/bin/../lib/gcc/arm-none-eabi/9.3.1/thumb/v6-m/nofp/crtbegin.o
                0x00000000080013e4                PROVIDE (__init_array_end = .)
                0x00000000080013e4                . = ALIGN (0x4)

.fini_array     0x00000000080013e4        0x4
                0x00000000080013e4                . = ALIGN (0x4)
                [!provide]                        PROVIDE (__fini_array_start = .)
 *(SORT_BY_NAME(.fini_array.*))
 *(.fini_array*)
 .fini_array    0x00000000080013e4        0x4 c:/st/stm32cubeide_1.6.1/stm32cubeide/plugins/com.st.stm32cube.ide.mcu.externaltools.gnu-tools-for-stm32.9-2020-q2-update.win32_1.5.0.202011040924/tools/bin/../lib/gcc/arm-none-eabi/9.3.1/thumb/v6-m/nofp/crtbegin.o
                [!provide]                        PROVIDE (__fini_array_end = .)
                0x00000000080013e8                . = ALIGN (0x4)
                0x00000000080013e8                _sidata = LOADADDR (.data)

.data           0x0000000020000000       0x74 load address 0x00000000080013e8
                0x0000000020000000                . = ALIGN (0x4)
                0x0000000020000000                _sdata = .
 *(.data)
 *(.data*)
 .data.input    0x0000000020000000        0x2 Core/Src/Radio.o
                0x0000000020000000                input
 *fill*         0x0000000020000002        0x2 
 .data.TIM_2    0x0000000020000004        0x4 Core/Src/TIM.o
                0x0000000020000004                TIM_2
 .data.TIM_21   0x0000000020000008        0x4 Core/Src/TIM.o
                0x0000000020000008                TIM_21
 .data.gTIM_2   0x000000002000000c       0x18 Core/Src/TIM.o
 .data.gTIM_21  0x0000000020000024       0x18 Core/Src/TIM.o
 .data.UART_2   0x000000002000003c        0x4 Core/Src/UART.o
                0x000000002000003c                UART_2
 .data.gUART_2  0x0000000020000040       0x34 Core/Src/UART.o
 *(.RamFunc)
 *(.RamFunc*)
                0x0000000020000074                . = ALIGN (0x4)
                0x0000000020000074                _edata = .

.igot.plt       0x0000000020000074        0x0 load address 0x000000000800145c
 .igot.plt      0x0000000020000074        0x0 c:/st/stm32cubeide_1.6.1/stm32cubeide/plugins/com.st.stm32cube.ide.mcu.externaltools.gnu-tools-for-stm32.9-2020-q2-update.win32_1.5.0.202011040924/tools/bin/../lib/gcc/arm-none-eabi/9.3.1/thumb/v6-m/nofp/crtbegin.o
                0x0000000020000074                . = ALIGN (0x4)

.bss            0x0000000020000074       0xd8 load address 0x000000000800145c
                0x0000000020000074                _sbss = .
                0x0000000020000074                __bss_start__ = _sbss
 *(.bss)
 .bss           0x0000000020000074       0x1c c:/st/stm32cubeide_1.6.1/stm32cubeide/plugins/com.st.stm32cube.ide.mcu.externaltools.gnu-tools-for-stm32.9-2020-q2-update.win32_1.5.0.202011040924/tools/bin/../lib/gcc/arm-none-eabi/9.3.1/thumb/v6-m/nofp/crtbegin.o
 *(.bss*)
 .bss.gAdc      0x0000000020000090       0x5c Core/Src/ADC.o
 .bss.gTicks    0x00000000200000ec        0x4 Core/Src/Core.o
                0x00000000200000ec                gTicks
 .bss.gCallback
                0x00000000200000f0       0x40 Core/Src/GPIO.o
                0x00000000200000f0                gCallback
 .bss.m_prev.6054
                0x0000000020000130        0x4 Core/Src/Motor.o
 .bss.r_prev.6053
                0x0000000020000134        0x1 Core/Src/Motor.o
 *fill*         0x0000000020000135        0x1 
 .bss.tick.6044
                0x0000000020000136        0x2 Core/Src/Radio.o
 .bss.tick.6064
                0x0000000020000138        0x4 Core/Src/System.o
 *(COMMON)
 COMMON         0x000000002000013c        0x4 Core/Src/Radio.o
                0x000000002000013c                heartbeatRadio
 COMMON         0x0000000020000140        0xb Core/Src/System.o
                0x0000000020000140                battery_warn
                0x0000000020000144                battery_fault
                0x0000000020000148                status
                0x000000002000014c                . = ALIGN (0x4)
 *fill*         0x000000002000014b        0x1 
                0x000000002000014c                _ebss = .
                0x000000002000014c                __bss_end__ = _ebss

._user_heap_stack
                0x000000002000014c      0x604 load address 0x000000000800145c
                0x0000000020000150                . = ALIGN (0x8)
 *fill*         0x000000002000014c        0x4 
                [!provide]                        PROVIDE (end = .)
                [!provide]                        PROVIDE (_end = .)
                0x0000000020000350                . = (. + _Min_Heap_Size)
 *fill*         0x0000000020000150      0x200 
                0x0000000020000750                . = (. + _Min_Stack_Size)
 *fill*         0x0000000020000350      0x400 
                0x0000000020000750                . = ALIGN (0x8)

/DISCARD/
 libc.a(*)
 libm.a(*)
 libgcc.a(*)

.ARM.attributes
                0x0000000000000000       0x28
 *(.ARM.attributes)
 .ARM.attributes
                0x0000000000000000       0x1e c:/st/stm32cubeide_1.6.1/stm32cubeide/plugins/com.st.stm32cube.ide.mcu.externaltools.gnu-tools-for-stm32.9-2020-q2-update.win32_1.5.0.202011040924/tools/bin/../lib/gcc/arm-none-eabi/9.3.1/thumb/v6-m/nofp/crti.o
 .ARM.attributes
                0x000000000000001e       0x2c c:/st/stm32cubeide_1.6.1/stm32cubeide/plugins/com.st.stm32cube.ide.mcu.externaltools.gnu-tools-for-stm32.9-2020-q2-update.win32_1.5.0.202011040924/tools/bin/../lib/gcc/arm-none-eabi/9.3.1/thumb/v6-m/nofp/crtbegin.o
 .ARM.attributes
                0x000000000000004a       0x2c Core/Src/ADC.o
 .ARM.attributes
                0x0000000000000076       0x2c Core/Src/CLK.o
 .ARM.attributes
                0x00000000000000a2       0x2c Core/Src/Core.o
 .ARM.attributes
                0x00000000000000ce       0x2c Core/Src/GPIO.o
 .ARM.attributes
                0x00000000000000fa       0x2c Core/Src/Motor.o
 .ARM.attributes
                0x0000000000000126       0x2c Core/Src/Radio.o
 .ARM.attributes
                0x0000000000000152       0x2c Core/Src/System.o
 .ARM.attributes
                0x000000000000017e       0x2c Core/Src/TIM.o
 .ARM.attributes
                0x00000000000001aa       0x2c Core/Src/UART.o
 .ARM.attributes
                0x00000000000001d6       0x2c Core/Src/main.o
 .ARM.attributes
                0x0000000000000202       0x2c Core/Src/system_stm32l0xx.o
 .ARM.attributes
                0x000000000000022e       0x22 Core/Startup/startup_stm32l010k4tx.o
 .ARM.attributes
                0x0000000000000250       0x2c Drivers/STM32L0xx_HAL_Driver/Src/stm32l0xx_hal_adc.o
 .ARM.attributes
                0x000000000000027c       0x2c Drivers/STM32L0xx_HAL_Driver/Src/stm32l0xx_hal_cortex.o
 .ARM.attributes
                0x00000000000002a8       0x2c c:/st/stm32cubeide_1.6.1/stm32cubeide/plugins/com.st.stm32cube.ide.mcu.externaltools.gnu-tools-for-stm32.9-2020-q2-update.win32_1.5.0.202011040924/tools/bin/../lib/gcc/arm-none-eabi/9.3.1/../../../../arm-none-eabi/lib/thumb/v6-m/nofp\libc_nano.a(lib_a-init.o)
 .ARM.attributes
                0x00000000000002d4       0x1e c:/st/stm32cubeide_1.6.1/stm32cubeide/plugins/com.st.stm32cube.ide.mcu.externaltools.gnu-tools-for-stm32.9-2020-q2-update.win32_1.5.0.202011040924/tools/bin/../lib/gcc/arm-none-eabi/9.3.1/thumb/v6-m/nofp\libgcc.a(_thumb1_case_uqi.o)
 .ARM.attributes
                0x00000000000002f2       0x1e c:/st/stm32cubeide_1.6.1/stm32cubeide/plugins/com.st.stm32cube.ide.mcu.externaltools.gnu-tools-for-stm32.9-2020-q2-update.win32_1.5.0.202011040924/tools/bin/../lib/gcc/arm-none-eabi/9.3.1/thumb/v6-m/nofp\libgcc.a(_udivsi3.o)
 .ARM.attributes
                0x0000000000000310       0x1e c:/st/stm32cubeide_1.6.1/stm32cubeide/plugins/com.st.stm32cube.ide.mcu.externaltools.gnu-tools-for-stm32.9-2020-q2-update.win32_1.5.0.202011040924/tools/bin/../lib/gcc/arm-none-eabi/9.3.1/thumb/v6-m/nofp\libgcc.a(_dvmd_tls.o)
 .ARM.attributes
                0x000000000000032e       0x1e c:/st/stm32cubeide_1.6.1/stm32cubeide/plugins/com.st.stm32cube.ide.mcu.externaltools.gnu-tools-for-stm32.9-2020-q2-update.win32_1.5.0.202011040924/tools/bin/../lib/gcc/arm-none-eabi/9.3.1/thumb/v6-m/nofp/crtn.o
OUTPUT(THE_BRAWN_alpha.elf elf32-littlearm)
LOAD linker stubs
LOAD c:/st/stm32cubeide_1.6.1/stm32cubeide/plugins/com.st.stm32cube.ide.mcu.externaltools.gnu-tools-for-stm32.9-2020-q2-update.win32_1.5.0.202011040924/tools/bin/../lib/gcc/arm-none-eabi/9.3.1/../../../../arm-none-eabi/lib/thumb/v6-m/nofp\libc.a
LOAD c:/st/stm32cubeide_1.6.1/stm32cubeide/plugins/com.st.stm32cube.ide.mcu.externaltools.gnu-tools-for-stm32.9-2020-q2-update.win32_1.5.0.202011040924/tools/bin/../lib/gcc/arm-none-eabi/9.3.1/../../../../arm-none-eabi/lib/thumb/v6-m/nofp\libm.a
LOAD c:/st/stm32cubeide_1.6.1/stm32cubeide/plugins/com.st.stm32cube.ide.mcu.externaltools.gnu-tools-for-stm32.9-2020-q2-update.win32_1.5.0.202011040924/tools/bin/../lib/gcc/arm-none-eabi/9.3.1/thumb/v6-m/nofp\libgcc.a

.comment        0x0000000000000000       0x53
 .comment       0x0000000000000000       0x53 Core/Src/ADC.o
                                         0x54 (size before relaxing)
 .comment       0x0000000000000053       0x54 Core/Src/CLK.o
 .comment       0x0000000000000053       0x54 Core/Src/Core.o
 .comment       0x0000000000000053       0x54 Core/Src/GPIO.o
 .comment       0x0000000000000053       0x54 Core/Src/Motor.o
 .comment       0x0000000000000053       0x54 Core/Src/Radio.o
 .comment       0x0000000000000053       0x54 Core/Src/System.o
 .comment       0x0000000000000053       0x54 Core/Src/TIM.o
 .comment       0x0000000000000053       0x54 Core/Src/UART.o
 .comment       0x0000000000000053       0x54 Core/Src/main.o
 .comment       0x0000000000000053       0x54 Core/Src/system_stm32l0xx.o
 .comment       0x0000000000000053       0x54 Drivers/STM32L0xx_HAL_Driver/Src/stm32l0xx_hal_adc.o
 .comment       0x0000000000000053       0x54 Drivers/STM32L0xx_HAL_Driver/Src/stm32l0xx_hal_cortex.o

.debug_frame    0x0000000000000000       0x4c
 .debug_frame   0x0000000000000000       0x2c c:/st/stm32cubeide_1.6.1/stm32cubeide/plugins/com.st.stm32cube.ide.mcu.externaltools.gnu-tools-for-stm32.9-2020-q2-update.win32_1.5.0.202011040924/tools/bin/../lib/gcc/arm-none-eabi/9.3.1/../../../../arm-none-eabi/lib/thumb/v6-m/nofp\libc_nano.a(lib_a-init.o)
 .debug_frame   0x000000000000002c       0x20 c:/st/stm32cubeide_1.6.1/stm32cubeide/plugins/com.st.stm32cube.ide.mcu.externaltools.gnu-tools-for-stm32.9-2020-q2-update.win32_1.5.0.202011040924/tools/bin/../lib/gcc/arm-none-eabi/9.3.1/thumb/v6-m/nofp\libgcc.a(_udivsi3.o)
