Archive member included to satisfy reference by file (symbol)

c:/st/stm32cubeide_1.6.1/stm32cubeide/plugins/com.st.stm32cube.ide.mcu.externaltools.gnu-tools-for-stm32.9-2020-q2-update.win32_1.5.0.202011040924/tools/bin/../lib/gcc/arm-none-eabi/9.3.1/../../../../arm-none-eabi/lib/thumb/v6-m/nofp\libc_nano.a(lib_a-exit.o)
                              c:/st/stm32cubeide_1.6.1/stm32cubeide/plugins/com.st.stm32cube.ide.mcu.externaltools.gnu-tools-for-stm32.9-2020-q2-update.win32_1.5.0.202011040924/tools/bin/../lib/gcc/arm-none-eabi/9.3.1/../../../../arm-none-eabi/lib/thumb/v6-m/nofp/crt0.o (exit)
c:/st/stm32cubeide_1.6.1/stm32cubeide/plugins/com.st.stm32cube.ide.mcu.externaltools.gnu-tools-for-stm32.9-2020-q2-update.win32_1.5.0.202011040924/tools/bin/../lib/gcc/arm-none-eabi/9.3.1/../../../../arm-none-eabi/lib/thumb/v6-m/nofp\libc_nano.a(lib_a-impure.o)
                              c:/st/stm32cubeide_1.6.1/stm32cubeide/plugins/com.st.stm32cube.ide.mcu.externaltools.gnu-tools-for-stm32.9-2020-q2-update.win32_1.5.0.202011040924/tools/bin/../lib/gcc/arm-none-eabi/9.3.1/../../../../arm-none-eabi/lib/thumb/v6-m/nofp\libc_nano.a(lib_a-exit.o) (_global_impure_ptr)
c:/st/stm32cubeide_1.6.1/stm32cubeide/plugins/com.st.stm32cube.ide.mcu.externaltools.gnu-tools-for-stm32.9-2020-q2-update.win32_1.5.0.202011040924/tools/bin/../lib/gcc/arm-none-eabi/9.3.1/../../../../arm-none-eabi/lib/thumb/v6-m/nofp\libc_nano.a(lib_a-init.o)
                              c:/st/stm32cubeide_1.6.1/stm32cubeide/plugins/com.st.stm32cube.ide.mcu.externaltools.gnu-tools-for-stm32.9-2020-q2-update.win32_1.5.0.202011040924/tools/bin/../lib/gcc/arm-none-eabi/9.3.1/../../../../arm-none-eabi/lib/thumb/v6-m/nofp/crt0.o (__libc_init_array)
c:/st/stm32cubeide_1.6.1/stm32cubeide/plugins/com.st.stm32cube.ide.mcu.externaltools.gnu-tools-for-stm32.9-2020-q2-update.win32_1.5.0.202011040924/tools/bin/../lib/gcc/arm-none-eabi/9.3.1/../../../../arm-none-eabi/lib/thumb/v6-m/nofp\libc_nano.a(lib_a-memset.o)
                              c:/st/stm32cubeide_1.6.1/stm32cubeide/plugins/com.st.stm32cube.ide.mcu.externaltools.gnu-tools-for-stm32.9-2020-q2-update.win32_1.5.0.202011040924/tools/bin/../lib/gcc/arm-none-eabi/9.3.1/../../../../arm-none-eabi/lib/thumb/v6-m/nofp/crt0.o (memset)
c:/st/stm32cubeide_1.6.1/stm32cubeide/plugins/com.st.stm32cube.ide.mcu.externaltools.gnu-tools-for-stm32.9-2020-q2-update.win32_1.5.0.202011040924/tools/bin/../lib/gcc/arm-none-eabi/9.3.1/../../../../arm-none-eabi/lib/thumb/v6-m/nofp\libc_nano.a(lib_a-strlen.o)
                              Core/Src/UART.o (strlen)
c:/st/stm32cubeide_1.6.1/stm32cubeide/plugins/com.st.stm32cube.ide.mcu.externaltools.gnu-tools-for-stm32.9-2020-q2-update.win32_1.5.0.202011040924/tools/bin/../lib/gcc/arm-none-eabi/9.3.1/thumb/v6-m/nofp\libgcc.a(_udivsi3.o)
                              Core/Src/ADC.o (__aeabi_uidiv)
c:/st/stm32cubeide_1.6.1/stm32cubeide/plugins/com.st.stm32cube.ide.mcu.externaltools.gnu-tools-for-stm32.9-2020-q2-update.win32_1.5.0.202011040924/tools/bin/../lib/gcc/arm-none-eabi/9.3.1/thumb/v6-m/nofp\libgcc.a(_dvmd_tls.o)
                              c:/st/stm32cubeide_1.6.1/stm32cubeide/plugins/com.st.stm32cube.ide.mcu.externaltools.gnu-tools-for-stm32.9-2020-q2-update.win32_1.5.0.202011040924/tools/bin/../lib/gcc/arm-none-eabi/9.3.1/thumb/v6-m/nofp\libgcc.a(_udivsi3.o) (__aeabi_idiv0)
c:/st/stm32cubeide_1.6.1/stm32cubeide/plugins/com.st.stm32cube.ide.mcu.externaltools.gnu-tools-for-stm32.9-2020-q2-update.win32_1.5.0.202011040924/tools/bin/../lib/gcc/arm-none-eabi/9.3.1/thumb/v6-m/nofp\libgcc.a(_aeabi_uldivmod.o)
                              Drivers/STM32L0xx_HAL_Driver/Src/stm32l0xx_hal_uart.o (__aeabi_uldivmod)
c:/st/stm32cubeide_1.6.1/stm32cubeide/plugins/com.st.stm32cube.ide.mcu.externaltools.gnu-tools-for-stm32.9-2020-q2-update.win32_1.5.0.202011040924/tools/bin/../lib/gcc/arm-none-eabi/9.3.1/thumb/v6-m/nofp\libgcc.a(_udivmoddi4.o)
                              c:/st/stm32cubeide_1.6.1/stm32cubeide/plugins/com.st.stm32cube.ide.mcu.externaltools.gnu-tools-for-stm32.9-2020-q2-update.win32_1.5.0.202011040924/tools/bin/../lib/gcc/arm-none-eabi/9.3.1/thumb/v6-m/nofp\libgcc.a(_aeabi_uldivmod.o) (__udivmoddi4)
c:/st/stm32cubeide_1.6.1/stm32cubeide/plugins/com.st.stm32cube.ide.mcu.externaltools.gnu-tools-for-stm32.9-2020-q2-update.win32_1.5.0.202011040924/tools/bin/../lib/gcc/arm-none-eabi/9.3.1/thumb/v6-m/nofp\libgcc.a(_clzdi2.o)
                              c:/st/stm32cubeide_1.6.1/stm32cubeide/plugins/com.st.stm32cube.ide.mcu.externaltools.gnu-tools-for-stm32.9-2020-q2-update.win32_1.5.0.202011040924/tools/bin/../lib/gcc/arm-none-eabi/9.3.1/thumb/v6-m/nofp\libgcc.a(_udivmoddi4.o) (__clzdi2)
c:/st/stm32cubeide_1.6.1/stm32cubeide/plugins/com.st.stm32cube.ide.mcu.externaltools.gnu-tools-for-stm32.9-2020-q2-update.win32_1.5.0.202011040924/tools/bin/../lib/gcc/arm-none-eabi/9.3.1/thumb/v6-m/nofp\libgcc.a(_clzsi2.o)
[...]
Memory Configuration

Name             Origin             Length             Attributes
RAM              0x0000000020000000 0x0000000000000800 xrw
FLASH            0x0000000008000000 0x0000000000004000 xr
*default*        0x0000000000000000 0xffffffffffffffff

Linker script and memory map

LOAD c:/st/stm32cubeide_1.6.1/stm32cubeide/plugins/com.st.stm32cube.ide.mcu.externaltools.gnu-tools-for-stm32.9-2020-q2-update.win32_1.5.0.202011040924/tools/bin/../lib/gcc/arm-none-eabi/9.3.1/thumb/v6-m/nofp/crti.o
LOAD c:/st/stm32cubeide_1.6.1/stm32cubeide/plugins/com.st.stm32cube.ide.mcu.externaltools.gnu-tools-for-stm32.9-2020-q2-update.win32_1.5.0.202011040924/tools/bin/../lib/gcc/arm-none-eabi/9.3.1/thumb/v6-m/nofp/crtbegin.o
LOAD c:/st/stm32cubeide_1.6.1/stm32cubeide/plugins/com.st.stm32cube.ide.mcu.externaltools.gnu-tools-for-stm32.9-2020-q2-update.win32_1.5.0.202011040924/tools/bin/../lib/gcc/arm-none-eabi/9.3.1/../../../../arm-none-eabi/lib/thumb/v6-m/nofp/crt0.o
LOAD Core/Src/ADC.o
LOAD Core/Src/CLK.o
LOAD Core/Src/Core.o
LOAD Core/Src/GPIO.o
LOAD Core/Src/Motor.o
LOAD Core/Src/Radio.o
LOAD Core/Src/System.o
LOAD Core/Src/TIM.o
LOAD Core/Src/UART.o
LOAD Core/Src/US.o
LOAD Core/Src/main.o
LOAD Core/Src/system_stm32l0xx.o
LOAD Core/Startup/startup_stm32l010k4tx.o
LOAD Drivers/STM32L0xx_HAL_Driver/Src/stm32l0xx_hal.o
LOAD Drivers/STM32L0xx_HAL_Driver/Src/stm32l0xx_hal_adc.o
LOAD Drivers/STM32L0xx_HAL_Driver/Src/stm32l0xx_hal_adc_ex.o
LOAD Drivers/STM32L0xx_HAL_Driver/Src/stm32l0xx_hal_cortex.o
LOAD Drivers/STM32L0xx_HAL_Driver/Src/stm32l0xx_hal_exti.o
LOAD Drivers/STM32L0xx_HAL_Driver/Src/stm32l0xx_hal_flash.o
LOAD Drivers/STM32L0xx_HAL_Driver/Src/stm32l0xx_hal_flash_ex.o
LOAD Drivers/STM32L0xx_HAL_Driver/Src/stm32l0xx_hal_flash_ramfunc.o
LOAD Drivers/STM32L0xx_HAL_Driver/Src/stm32l0xx_hal_gpio.o
LOAD Drivers/STM32L0xx_HAL_Driver/Src/stm32l0xx_hal_tim.o
LOAD Drivers/STM32L0xx_HAL_Driver/Src/stm32l0xx_hal_tim_ex.o
LOAD Drivers/STM32L0xx_HAL_Driver/Src/stm32l0xx_hal_uart.o
LOAD Drivers/STM32L0xx_HAL_Driver/Src/stm32l0xx_hal_uart_ex.o
START GROUP
LOAD c:/st/stm32cubeide_1.6.1/stm32cubeide/plugins/com.st.stm32cube.ide.mcu.externaltools.gnu-tools-for-stm32.9-2020-q2-update.win32_1.5.0.202011040924/tools/bin/../lib/gcc/arm-none-eabi/9.3.1/../../../../arm-none-eabi/lib/thumb/v6-m/nofp\libc_nano.a
LOAD c:/st/stm32cubeide_1.6.1/stm32cubeide/plugins/com.st.stm32cube.ide.mcu.externaltools.gnu-tools-for-stm32.9-2020-q2-update.win32_1.5.0.202011040924/tools/bin/../lib/gcc/arm-none-eabi/9.3.1/../../../../arm-none-eabi/lib/thumb/v6-m/nofp\libm.a
END GROUP
START GROUP
LOAD c:/st/stm32cubeide_1.6.1/stm32cubeide/plugins/com.st.stm32cube.ide.mcu.externaltools.gnu-tools-for-stm32.9-2020-q2-update.win32_1.5.0.202011040924/tools/bin/../lib/gcc/arm-none-eabi/9.3.1/thumb/v6-m/nofp\libgcc.a
LOAD c:/st/stm32cubeide_1.6.1/stm32cubeide/plugins/com.st.stm32cube.ide.mcu.externaltools.gnu-tools-for-stm32.9-2020-q2-update.win32_1.5.0.202011040924/tools/bin/../lib/gcc/arm-none-eabi/9.3.1/../../../../arm-none-eabi/lib/thumb/v6-m/nofp\libc_nano.a
END GROUP
START GROUP
LOAD c:/st/stm32cubeide_1.6.1/stm32cubeide/plugins/com.st.stm32cube.ide.mcu.externaltools.gnu-tools-for-stm32.9-2020-q2-update.win32_1.5.0.202011040924/tools/bin/../lib/gcc/arm-none-eabi/9.3.1/thumb/v6-m/nofp\libgcc.a
LOAD c:/st/stm32cubeide_1.6.1/stm32cubeide/plugins/com.st.stm32cube.ide.mcu.externaltools.gnu-tools-for-stm32.9-2020-q2-update.win32_1.5.0.202011040924/tools/bin/../lib/gcc/arm-none-eabi/9.3.1/../../../../arm-none-eabi/lib/thumb/v6-m/nofp\libc_nano.a
LOAD c:/st/stm32cubeide_1.6.1/stm32cubeide/plugins/com.st.stm32cube.ide.mcu.externaltools.gnu-tools-for-stm32.9-2020-q2-update.win32_1.5.0.202011040924/tools/bin/../lib/gcc/arm-none-eabi/9.3.1/../../../../arm-none-eabi/lib/thumb/v6-m/nofp\libnosys.a
END GROUP
START GROUP
LOAD c:/st/stm32cubeide_1.6.1/stm32cubeide/plugins/com.st.stm32cube.ide.mcu.externaltools.gnu-tools-for-stm32.9-2020-q2-update.win32_1.5.0.202011040924/tools/bin/../lib/gcc/arm-none-eabi/9.3.1/thumb/v6-m/nofp\libgcc.a
LOAD c:/st/stm32cubeide_1.6.1/stm32cubeide/plugins/com.st.stm32cube.ide.mcu.externaltools.gnu-tools-for-stm32.9-2020-q2-update.win32_1.5.0.202011040924/tools/bin/../lib/gcc/arm-none-eabi/9.3.1/../../../../arm-none-eabi/lib/thumb/v6-m/nofp\libc_nano.a
LOAD c:/st/stm32cubeide_1.6.1/stm32cubeide/plugins/com.st.stm32cube.ide.mcu.externaltools.gnu-tools-for-stm32.9-2020-q2-update.win32_1.5.0.202011040924/tools/bin/../lib/gcc/arm-none-eabi/9.3.1/../../../../arm-none-eabi/lib/thumb/v6-m/nofp\libnosys.a
END GROUP
LOAD c:/st/stm32cubeide_1.6.1/stm32cubeide/plugins/com.st.stm32cube.ide.mcu.externaltools.gnu-tools-for-stm32.9-2020-q2-update.win32_1.5.0.202011040924/tools/bin/../lib/gcc/arm-none-eabi/9.3.1/thumb/v6-m/nofp/crtend.o
LOAD c:/st/stm32cubeide_1.6.1/stm32cubeide/plugins/com.st.stm32cube.ide.mcu.externaltools.gnu-tools-for-stm32.9-2020-q2-update.win32_1.5.0.202011040924/tools/bin/../lib/gcc/arm-none-eabi/9.3.1/thumb/v6-m/nofp/crtn.o
                0x0000000020000800                _estack = (ORIGIN (RAM) + LENGTH (RAM))
                0x0000000000000200                _Min_Heap_Size = 0x200
                0x0000000000000400                _Min_Stack_Size = 0x400

.isr_vector     0x0000000008000000       0xc0
                0x0000000008000000                . = ALIGN (0x4)
 *(.isr_vector)
 .isr_vector    0x0000000008000000       0xc0 Core/Startup/startup_stm32l010k4tx.o
                0x0000000008000000                g_pfnVectors
                0x00000000080000c0                . = ALIGN (0x4)

.text           0x00000000080000c0     0x21e0
                0x00000000080000c0                . = ALIGN (0x4)
 *(.text)
 .text          0x00000000080000c0       0x48 c:/st/stm32cubeide_1.6.1/stm32cubeide/plugins/com.st.stm32cube.ide.mcu.externaltools.gnu-tools-for-stm32.9-2020-q2-update.win32_1.5.0.202011040924/tools/bin/../lib/gcc/arm-none-eabi/9.3.1/thumb/v6-m/nofp/crtbegin.o
 .text          0x0000000008000108      0x114 c:/st/stm32cubeide_1.6.1/stm32cubeide/plugins/com.st.stm32cube.ide.mcu.externaltools.gnu-tools-for-stm32.9-2020-q2-update.win32_1.5.0.202011040924/tools/bin/../lib/gcc/arm-none-eabi/9.3.1/thumb/v6-m/nofp\libgcc.a(_udivsi3.o)
                0x0000000008000108                __aeabi_uidiv
                0x0000000008000108                __udivsi3
                0x0000000008000214                __aeabi_uidivmod
 .text          0x000000000800021c        0x4 c:/st/stm32cubeide_1.6.1/stm32cubeide/plugins/com.st.stm32cube.ide.mcu.externaltools.gnu-tools-for-stm32.9-2020-q2-update.win32_1.5.0.202011040924/tools/bin/../lib/gcc/arm-none-eabi/9.3.1/thumb/v6-m/nofp\libgcc.a(_dvmd_tls.o)
                0x000000000800021c                __aeabi_idiv0
                0x000000000800021c                __aeabi_ldiv0
 *(.text*)
 .text.ADC_Init
                0x0000000008000220       0xbc Core/Src/ADC.o
                0x0000000008000220                ADC_Init
 .text.ADC_Read
                0x00000000080002dc       0x44 Core/Src/ADC.o
                0x00000000080002dc                ADC_Read
 .text.AIN_AinToDivider
                0x0000000008000320       0x30 Core/Src/ADC.o
                0x0000000008000320                AIN_AinToDivider
 .text.AIN_AinToMv
                0x0000000008000350       0x28 Core/Src/ADC.o
                0x0000000008000350                AIN_AinToMv
 .text.ADC_WaitForFlag
                0x0000000008000378       0x24 Core/Src/ADC.o
 .text.ADC_Calibrate
                0x000000000800039c       0x30 Core/Src/ADC.o
 .text.CLK_InitSYSCLK
                0x00000000080003cc       0xf8 Core/Src/CLK.o
                0x00000000080003cc                CLK_InitSYSCLK
 .text.CLK_EnableADCCLK
                0x00000000080004c4        0xa Core/Src/CLK.o
                0x00000000080004c4                CLK_EnableADCCLK
 *fill*         0x00000000080004ce        0x2 
 .text.CORE_GetTick
                0x00000000080004d0       0x14 Core/Src/Core.o
 .text.GPIO_Deinit
                0x00000000080004e4       0x1e Core/Src/Core.o
 *fill*         0x0000000008000502        0x2 
 .text.CLK_GetHCLKFreq
                0x0000000008000504       0x10 Core/Src/Core.o
 .text.CORE_Init
                0x0000000008000514       0x6c Core/Src/Core.o
                0x0000000008000514                CORE_Init
 .text.CORE_Idle
                0x0000000008000580        0xc Core/Src/Core.o
                0x0000000008000580                CORE_Idle
 .text.CORE_Delay
                0x000000000800058c       0x36 Core/Src/Core.o
                0x000000000800058c                CORE_Delay
 .text.CORE_InitSysTick
                0x00000000080005c2       0x30 Core/Src/Core.o
 *fill*         0x00000000080005f2        0x2 
 .text.CORE_InitGPIO
                0x00000000080005f4       0x90 Core/Src/Core.o
 .text.SysTick_Handler
                0x0000000008000684       0x18 Core/Src/Core.o
                0x0000000008000684                SysTick_Handler
 .text.GPIO_Set
                0x000000000800069c       0x18 Core/Src/GPIO.o
 .text.GPIO_Reset
                0x00000000080006b4       0x18 Core/Src/GPIO.o
 .text.GPIO_Write
                0x00000000080006cc       0x38 Core/Src/GPIO.o
                0x00000000080006cc                GPIO_Write
 .text.GPIO_OnChange
                0x0000000008000704       0x58 Core/Src/GPIO.o
                0x0000000008000704                GPIO_OnChange
 .text.GPIO_Init
                0x000000000800075c       0xde Core/Src/GPIO.o
                0x000000000800075c                GPIO_Init
 *fill*         0x000000000800083a        0x2 
 .text.GPIO_ConfigInterrupt
                0x000000000800083c      0x10c Core/Src/GPIO.o
 .text.GPIO_SWARBitDouble
                0x0000000008000948       0x78 Core/Src/GPIO.o
 .text.EXTIx_IRQHandler
                0x00000000080009c0       0x3c Core/Src/GPIO.o
 .text.EXTIx_EnableIRQn
                0x00000000080009fc       0x32 Core/Src/GPIO.o
 .text.EXTI4_15_IRQHandler
                0x0000000008000a2e       0x16 Core/Src/GPIO.o
                0x0000000008000a2e                EXTI4_15_IRQHandler
 .text.GPIO_EnableOutput
                0x0000000008000a44       0x30 Core/Src/Motor.o
 .text.GPIO_Set
                0x0000000008000a74       0x18 Core/Src/Motor.o
 .text.GPIO_Reset
                0x0000000008000a8c       0x18 Core/Src/Motor.o
 .text.MOTOR_Init
                0x0000000008000aa4       0x44 Core/Src/Motor.o
                0x0000000008000aa4                MOTOR_Init
 .text.MOTOR_Update
                0x0000000008000ae8      0x678 Core/Src/Motor.o
                0x0000000008000ae8                MOTOR_Update
 .text.MOTOR_N2TimerPulseISR
                0x0000000008001160       0x1a Core/Src/Motor.o
                0x0000000008001160                MOTOR_N2TimerPulseISR
 .text.MOTOR_N2TimerReloadISR
                0x000000000800117a       0x1a Core/Src/Motor.o
                0x000000000800117a                MOTOR_N2TimerReloadISR
 .text.MOTOR_N1TimerPulseISR
                0x0000000008001194       0x16 Core/Src/Motor.o
                0x0000000008001194                MOTOR_N1TimerPulseISR
 .text.MOTOR_N1TimerReloadISR
                0x00000000080011aa       0x16 Core/Src/Motor.o
                0x00000000080011aa                MOTOR_N1TimerReloadISR
 .text.GPIO_EnableInput
                0x00000000080011c0       0x26 Core/Src/Radio.o
 .text.GPIO_Read
                0x00000000080011e6       0x20 Core/Src/Radio.o
 .text.TIM_Read
                0x0000000008001206       0x16 Core/Src/Radio.o
 .text.CORE_GetTick
                0x000000000800121c       0x14 Core/Src/Radio.o
 .text.RADIO_Init
                0x0000000008001230       0x60 Core/Src/Radio.o
                0x0000000008001230                RADIO_Init
 .text.RADIO_SPWM_IRQ
                0x0000000008001290       0x68 Core/Src/Radio.o
                0x0000000008001290                RADIO_SPWM_IRQ
 .text.CORE_GetTick
                0x00000000080012f8       0x14 Core/Src/System.o
 .text.GPIO_EnableOutput
                0x000000000800130c       0x30 Core/Src/System.o
 .text.GPIO_Set
                0x000000000800133c       0x18 Core/Src/System.o
 .text.GPIO_Reset
                0x0000000008001354       0x18 Core/Src/System.o
 .text.GPIO_Read
                0x000000000800136c       0x20 Core/Src/System.o
 .text.SYSTEM_Init
                0x000000000800138c      0x124 Core/Src/System.o
                0x000000000800138c                SYSTEM_Init
 .text.SYSTEM_Update
                0x00000000080014b0      0x23c Core/Src/System.o
                0x00000000080014b0                SYSTEM_Update
 .text.CLK_GetPCLKFreq
                0x00000000080016ec       0x10 Core/Src/TIM.o
 .text.TIM_Init
                0x00000000080016fc       0x58 Core/Src/TIM.o
                0x00000000080016fc                TIM_Init
 .text.TIM_SetFreq
                0x0000000008001754       0x2e Core/Src/TIM.o
                0x0000000008001754                TIM_SetFreq
 .text.TIM_SetReload
                0x0000000008001782       0x1a Core/Src/TIM.o
                0x0000000008001782                TIM_SetReload
 .text.TIM_OnReload
                0x000000000800179c       0x28 Core/Src/TIM.o
                0x000000000800179c                TIM_OnReload
 .text.TIM_OnPulse
                0x00000000080017c4       0x4e Core/Src/TIM.o
                0x00000000080017c4                TIM_OnPulse
 .text.TIM_SetPulse
                0x0000000008001812       0x5c Core/Src/TIM.o
                0x0000000008001812                TIM_SetPulse
 .text.TIM_Start
                0x000000000800186e       0x28 Core/Src/TIM.o
                0x000000000800186e                TIM_Start
 *fill*         0x0000000008001896        0x2 
 .text.TIM_Deinit
                0x0000000008001898       0x48 Core/Src/TIM.o
                0x0000000008001898                TIM_Deinit
 .text.TIM_EnableOCx
                0x00000000080018e0      0x11c Core/Src/TIM.o
 .text.TIM_Reload
                0x00000000080019fc       0x3a Core/Src/TIM.o
 *fill*         0x0000000008001a36        0x2 
 .text.TIMx_Init
                0x0000000008001a38       0x54 Core/Src/TIM.o
 .text.TIMx_Deinit
                0x0000000008001a8c       0x54 Core/Src/TIM.o
 .text.TIM_IRQHandler
                0x0000000008001ae0       0x98 Core/Src/TIM.o
 .text.TIM2_IRQHandler
                0x0000000008001b78       0x18 Core/Src/TIM.o
                0x0000000008001b78                TIM2_IRQHandler
 .text.TIM21_IRQHandler
                0x0000000008001b90       0x18 Core/Src/TIM.o
                0x0000000008001b90                TIM21_IRQHandler
 .text.UART_IRQHandler
                0x0000000008001ba8       0xb6 Core/Src/UART.o
                0x0000000008001ba8                UART_IRQHandler
 *fill*         0x0000000008001c5e        0x2 
 .text.USART2_IRQHandler
                0x0000000008001c60       0x18 Core/Src/UART.o
                0x0000000008001c60                USART2_IRQHandler
 .text.main     0x0000000008001c78       0x22 Core/Src/main.o
                0x0000000008001c78                main
 .text.SystemInit
                0x0000000008001c9a        0xa Core/Src/system_stm32l0xx.o
                0x0000000008001c9a                SystemInit
 .text.Reset_Handler
                0x0000000008001ca4       0x80 Core/Startup/startup_stm32l010k4tx.o
                0x0000000008001ca4                Reset_Handler
 .text.Default_Handler
                0x0000000008001d24        0x2 Core/Startup/startup_stm32l010k4tx.o
                0x0000000008001d24                HardFault_Handler
                0x0000000008001d24                PendSV_Handler
                0x0000000008001d24                NMI_Handler
                0x0000000008001d24                I2C1_IRQHandler
                0x0000000008001d24                SPI1_IRQHandler
                0x0000000008001d24                EXTI2_3_IRQHandler
                0x0000000008001d24                ADC1_IRQHandler
                0x0000000008001d24                RTC_IRQHandler
                0x0000000008001d24                RCC_IRQHandler
                0x0000000008001d24                DMA1_Channel1_IRQHandler
                0x0000000008001d24                Default_Handler
                0x0000000008001d24                DMA1_Channel4_5_IRQHandler
                0x0000000008001d24                EXTI0_1_IRQHandler
                0x0000000008001d24                SVC_Handler
                0x0000000008001d24                WWDG_IRQHandler
                0x0000000008001d24                LPUART1_IRQHandler
                0x0000000008001d24                DMA1_Channel2_3_IRQHandler
                0x0000000008001d24                FLASH_IRQHandler
                0x0000000008001d24                LPTIM1_IRQHandler
 *fill*         0x0000000008001d26        0x2 
 .text.HAL_ADC_Init
                0x0000000008001d28      0x2e8 Drivers/STM32L0xx_HAL_Driver/Src/stm32l0xx_hal_adc.o
                0x0000000008001d28                HAL_ADC_Init
 .text.HAL_ADC_MspInit
                0x0000000008002010       0x10 Drivers/STM32L0xx_HAL_Driver/Src/stm32l0xx_hal_adc.o
                0x0000000008002010                HAL_ADC_MspInit
 .text.__NVIC_EnableIRQ
                0x0000000008002020       0x34 Drivers/STM32L0xx_HAL_Driver/Src/stm32l0xx_hal_cortex.o
 .text.__NVIC_DisableIRQ
                0x0000000008002054       0x44 Drivers/STM32L0xx_HAL_Driver/Src/stm32l0xx_hal_cortex.o
 .text.__NVIC_SetPriority
                0x0000000008002098       0xdc Drivers/STM32L0xx_HAL_Driver/Src/stm32l0xx_hal_cortex.o
 .text.SysTick_Config
                0x0000000008002174       0x48 Drivers/STM32L0xx_HAL_Driver/Src/stm32l0xx_hal_cortex.o
 .text.HAL_NVIC_SetPriority
                0x00000000080021bc       0x2a Drivers/STM32L0xx_HAL_Driver/Src/stm32l0xx_hal_cortex.o
                0x00000000080021bc                HAL_NVIC_SetPriority
 .text.HAL_NVIC_EnableIRQ
                0x00000000080021e6       0x20 Drivers/STM32L0xx_HAL_Driver/Src/stm32l0xx_hal_cortex.o
                0x00000000080021e6                HAL_NVIC_EnableIRQ
 .text.HAL_NVIC_DisableIRQ
                0x0000000008002206       0x20 Drivers/STM32L0xx_HAL_Driver/Src/stm32l0xx_hal_cortex.o
                0x0000000008002206                HAL_NVIC_DisableIRQ
 .text.HAL_SYSTICK_Config
                0x0000000008002226       0x1a Drivers/STM32L0xx_HAL_Driver/Src/stm32l0xx_hal_cortex.o
                0x0000000008002226                HAL_SYSTICK_Config
 .text.__libc_init_array
                0x0000000008002240       0x48 c:/st/stm32cubeide_1.6.1/stm32cubeide/plugins/com.st.stm32cube.ide.mcu.externaltools.gnu-tools-for-stm32.9-2020-q2-update.win32_1.5.0.202011040924/tools/bin/../lib/gcc/arm-none-eabi/9.3.1/../../../../arm-none-eabi/lib/thumb/v6-m/nofp\libc_nano.a(lib_a-init.o)
                0x0000000008002240                __libc_init_array
 *(.glue_7)
 .glue_7        0x0000000008002288        0x0 linker stubs
 *(.glue_7t)
 .glue_7t       0x0000000008002288        0x0 linker stubs
 *(.eh_frame)
 .eh_frame      0x0000000008002288        0x0 c:/st/stm32cubeide_1.6.1/stm32cubeide/plugins/com.st.stm32cube.ide.mcu.externaltools.gnu-tools-for-stm32.9-2020-q2-update.win32_1.5.0.202011040924/tools/bin/../lib/gcc/arm-none-eabi/9.3.1/thumb/v6-m/nofp/crtbegin.o
 *(.init)
 .init          0x0000000008002288        0x4 c:/st/stm32cubeide_1.6.1/stm32cubeide/plugins/com.st.stm32cube.ide.mcu.externaltools.gnu-tools-for-stm32.9-2020-q2-update.win32_1.5.0.202011040924/tools/bin/../lib/gcc/arm-none-eabi/9.3.1/thumb/v6-m/nofp/crti.o
                0x0000000008002288                _init
 .init          0x000000000800228c        0x8 c:/st/stm32cubeide_1.6.1/stm32cubeide/plugins/com.st.stm32cube.ide.mcu.externaltools.gnu-tools-for-stm32.9-2020-q2-update.win32_1.5.0.202011040924/tools/bin/../lib/gcc/arm-none-eabi/9.3.1/thumb/v6-m/nofp/crtn.o
 *(.fini)
 .fini          0x0000000008002294        0x4 c:/st/stm32cubeide_1.6.1/stm32cubeide/plugins/com.st.stm32cube.ide.mcu.externaltools.gnu-tools-for-stm32.9-2020-q2-update.win32_1.5.0.202011040924/tools/bin/../lib/gcc/arm-none-eabi/9.3.1/thumb/v6-m/nofp/crti.o
                0x0000000008002294                _fini
 .fini          0x0000000008002298        0x8 c:/st/stm32cubeide_1.6.1/stm32cubeide/plugins/com.st.stm32cube.ide.mcu.externaltools.gnu-tools-for-stm32.9-2020-q2-update.win32_1.5.0.202011040924/tools/bin/../lib/gcc/arm-none-eabi/9.3.1/thumb/v6-m/nofp/crtn.o
                0x00000000080022a0                . = ALIGN (0x4)
                0x00000000080022a0                _etext = .

.vfp11_veneer   0x00000000080022a0        0x0
 .vfp11_veneer  0x00000000080022a0        0x0 linker stubs

.v4_bx          0x00000000080022a0        0x0
 .v4_bx         0x00000000080022a0        0x0 linker stubs

.iplt           0x00000000080022a0        0x0
 .iplt          0x00000000080022a0        0x0 c:/st/stm32cubeide_1.6.1/stm32cubeide/plugins/com.st.stm32cube.ide.mcu.externaltools.gnu-tools-for-stm32.9-2020-q2-update.win32_1.5.0.202011040924/tools/bin/../lib/gcc/arm-none-eabi/9.3.1/thumb/v6-m/nofp/crtbegin.o

.rel.dyn        0x00000000080022a0        0x0
 .rel.iplt      0x00000000080022a0        0x0 c:/st/stm32cubeide_1.6.1/stm32cubeide/plugins/com.st.stm32cube.ide.mcu.externaltools.gnu-tools-for-stm32.9-2020-q2-update.win32_1.5.0.202011040924/tools/bin/../lib/gcc/arm-none-eabi/9.3.1/thumb/v6-m/nofp/crtbegin.o

.rodata         0x00000000080022a0        0x0
                0x00000000080022a0                . = ALIGN (0x4)
 *(.rodata)
 *(.rodata*)
                0x00000000080022a0                . = ALIGN (0x4)

.ARM.extab      0x00000000080022a0        0x0
                0x00000000080022a0                . = ALIGN (0x4)
 *(.ARM.extab* .gnu.linkonce.armextab.*)
                0x00000000080022a0                . = ALIGN (0x4)

.ARM            0x00000000080022a0        0x0
                0x00000000080022a0                . = ALIGN (0x4)
                0x00000000080022a0                __exidx_start = .
 *(.ARM.exidx*)
                0x00000000080022a0                __exidx_end = .
                0x00000000080022a0                . = ALIGN (0x4)

.preinit_array  0x00000000080022a0        0x0
                0x00000000080022a0                . = ALIGN (0x4)
                0x00000000080022a0                PROVIDE (__preinit_array_start = .)
 *(.preinit_array*)
                0x00000000080022a0                PROVIDE (__preinit_array_end = .)
                0x00000000080022a0                . = ALIGN (0x4)

.init_array     0x00000000080022a0        0x4
                0x00000000080022a0                . = ALIGN (0x4)
                0x00000000080022a0                PROVIDE (__init_array_start = .)
 *(SORT_BY_NAME(.init_array.*))
 *(.init_array*)
 .init_array    0x00000000080022a0        0x4 c:/st/stm32cubeide_1.6.1/stm32cubeide/plugins/com.st.stm32cube.ide.mcu.externaltools.gnu-tools-for-stm32.9-2020-q2-update.win32_1.5.0.202011040924/tools/bin/../lib/gcc/arm-none-eabi/9.3.1/thumb/v6-m/nofp/crtbegin.o
                0x00000000080022a4                PROVIDE (__init_array_end = .)
                0x00000000080022a4                . = ALIGN (0x4)

.fini_array     0x00000000080022a4        0x4
                0x00000000080022a4                . = ALIGN (0x4)
                [!provide]                        PROVIDE (__fini_array_start = .)
 *(SORT_BY_NAME(.fini_array.*))
 *(.fini_array*)
 .fini_array    0x00000000080022a4        0x4 c:/st/stm32cubeide_1.6.1/stm32cubeide/plugins/com.st.stm32cube.ide.mcu.externaltools.gnu-tools-for-stm32.9-2020-q2-update.win32_1.5.0.202011040924/tools/bin/../lib/gcc/arm-none-eabi/9.3.1/thumb/v6-m/nofp/crtbegin.o
                [!provide]                        PROVIDE (__fini_array_end = .)
                0x00000000080022a8                . = ALIGN (0x4)
                0x00000000080022a8                _sidata = LOADADDR (.data)

.data           0x0000000020000000       0x74 load address 0x00000000080022a8
                0x0000000020000000                . = ALIGN (0x4)
                0x0000000020000000                _sdata = .
 *(.data)
 *(.data*)
 .data.input    0x0000000020000000        0x2 Core/Src/Radio.o
                0x0000000020000000                input
 *fill*         0x0000000020000002        0x2 
 .data.gTIM_2   0x0000000020000004       0x18 Core/Src/TIM.o
 .data.TIM_2    0x000000002000001c        0x4 Core/Src/TIM.o
                0x000000002000001c                TIM_2
 .data.gTIM_21  0x0000000020000020       0x18 Core/Src/TIM.o
 .data.TIM_21   0x0000000020000038        0x4 Core/Src/TIM.o
                0x0000000020000038                TIM_21
 .data.gUART_2  0x000000002000003c       0x34 Core/Src/UART.o
 .data.UART_2   0x0000000020000070        0x4 Core/Src/UART.o
                0x0000000020000070                UART_2
 *(.RamFunc)
 *(.RamFunc*)
                0x0000000020000074                . = ALIGN (0x4)
                0x0000000020000074                _edata = .

.igot.plt       0x0000000020000074        0x0 load address 0x000000000800231c
 .igot.plt      0x0000000020000074        0x0 c:/st/stm32cubeide_1.6.1/stm32cubeide/plugins/com.st.stm32cube.ide.mcu.externaltools.gnu-tools-for-stm32.9-2020-q2-update.win32_1.5.0.202011040924/tools/bin/../lib/gcc/arm-none-eabi/9.3.1/thumb/v6-m/nofp/crtbegin.o
                0x0000000020000074                . = ALIGN (0x4)

.bss            0x0000000020000074       0xd8 load address 0x000000000800231c
                0x0000000020000074                _sbss = .
                0x0000000020000074                __bss_start__ = _sbss
 *(.bss)
 .bss           0x0000000020000074       0x1c c:/st/stm32cubeide_1.6.1/stm32cubeide/plugins/com.st.stm32cube.ide.mcu.externaltools.gnu-tools-for-stm32.9-2020-q2-update.win32_1.5.0.202011040924/tools/bin/../lib/gcc/arm-none-eabi/9.3.1/thumb/v6-m/nofp/crtbegin.o
 *(.bss*)
 .bss.gAdc      0x0000000020000090       0x5c Core/Src/ADC.o
 .bss.gTicks    0x00000000200000ec        0x4 Core/Src/Core.o
                0x00000000200000ec                gTicks
 .bss.gCallback
                0x00000000200000f0       0x40 Core/Src/GPIO.o
                0x00000000200000f0                gCallback
 .bss.m_prev.6054
                0x0000000020000130        0x4 Core/Src/Motor.o
 .bss.r_prev.6053
                0x0000000020000134        0x1 Core/Src/Motor.o
 *fill*         0x0000000020000135        0x1 
 .bss.tick.6044
                0x0000000020000136        0x2 Core/Src/Radio.o
 .bss.tick.6064
                0x0000000020000138        0x4 Core/Src/System.o
 *(COMMON)
 COMMON         0x000000002000013c        0x4 Core/Src/Radio.o
                0x000000002000013c                heartbeatRadio
 COMMON         0x0000000020000140        0xb Core/Src/System.o
                0x0000000020000140                battery_warn
                0x0000000020000144                battery_fault
                0x0000000020000148                status
                0x000000002000014c                . = ALIGN (0x4)
 *fill*         0x000000002000014b        0x1 
                0x000000002000014c                _ebss = .
                0x000000002000014c                __bss_end__ = _ebss

._user_heap_stack
                0x000000002000014c      0x604 load address 0x000000000800231c
                0x0000000020000150                . = ALIGN (0x8)
 *fill*         0x000000002000014c        0x4 
                [!provide]                        PROVIDE (end = .)
                [!provide]                        PROVIDE (_end = .)
                0x0000000020000350                . = (. + _Min_Heap_Size)
 *fill*         0x0000000020000150      0x200 
                0x0000000020000750                . = (. + _Min_Stack_Size)
 *fill*         0x0000000020000350      0x400 
                0x0000000020000750                . = ALIGN (0x8)

/DISCARD/
 libc.a(*)
 libm.a(*)
 libgcc.a(*)

.ARM.attributes
                0x0000000000000000       0x28
 *(.ARM.attributes)
 .ARM.attributes
                0x0000000000000000       0x1e c:/st/stm32cubeide_1.6.1/stm32cubeide/plugins/com.st.stm32cube.ide.mcu.externaltools.gnu-tools-for-stm32.9-2020-q2-update.win32_1.5.0.202011040924/tools/bin/../lib/gcc/arm-none-eabi/9.3.1/thumb/v6-m/nofp/crti.o
 .ARM.attributes
                0x000000000000001e       0x2c c:/st/stm32cubeide_1.6.1/stm32cubeide/plugins/com.st.stm32cube.ide.mcu.externaltools.gnu-tools-for-stm32.9-2020-q2-update.win32_1.5.0.202011040924/tools/bin/../lib/gcc/arm-none-eabi/9.3.1/thumb/v6-m/nofp/crtbegin.o
 .ARM.attributes
                0x000000000000004a       0x2c Core/Src/ADC.o
 .ARM.attributes
                0x0000000000000076       0x2c Core/Src/CLK.o
 .ARM.attributes
                0x00000000000000a2       0x2c Core/Src/Core.o
 .ARM.attributes
                0x00000000000000ce       0x2c Core/Src/GPIO.o
 .ARM.attributes
                0x00000000000000fa       0x2c Core/Src/Motor.o
 .ARM.attributes
                0x0000000000000126       0x2c Core/Src/Radio.o
 .ARM.attributes
                0x0000000000000152       0x2c Core/Src/System.o
 .ARM.attributes
                0x000000000000017e       0x2c Core/Src/TIM.o
 .ARM.attributes
                0x00000000000001aa       0x2c Core/Src/UART.o
 .ARM.attributes
                0x00000000000001d6       0x2c Core/Src/main.o
 .ARM.attributes
                0x0000000000000202       0x2c Core/Src/system_stm32l0xx.o
 .ARM.attributes
                0x000000000000022e       0x22 Core/Startup/startup_stm32l010k4tx.o
 .ARM.attributes
                0x0000000000000250       0x2c Drivers/STM32L0xx_HAL_Driver/Src/stm32l0xx_hal_adc.o
 .ARM.attributes
                0x000000000000027c       0x2c Drivers/STM32L0xx_HAL_Driver/Src/stm32l0xx_hal_cortex.o
 .ARM.attributes
                0x00000000000002a8       0x2c c:/st/stm32cubeide_1.6.1/stm32cubeide/plugins/com.st.stm32cube.ide.mcu.externaltools.gnu-tools-for-stm32.9-2020-q2-update.win32_1.5.0.202011040924/tools/bin/../lib/gcc/arm-none-eabi/9.3.1/../../../../arm-none-eabi/lib/thumb/v6-m/nofp\libc_nano.a(lib_a-init.o)
 .ARM.attributes
                0x00000000000002d4       0x1e c:/st/stm32cubeide_1.6.1/stm32cubeide/plugins/com.st.stm32cube.ide.mcu.externaltools.gnu-tools-for-stm32.9-2020-q2-update.win32_1.5.0.202011040924/tools/bin/../lib/gcc/arm-none-eabi/9.3.1/thumb/v6-m/nofp\libgcc.a(_udivsi3.o)
 .ARM.attributes
                0x00000000000002f2       0x1e c:/st/stm32cubeide_1.6.1/stm32cubeide/plugins/com.st.stm32cube.ide.mcu.externaltools.gnu-tools-for-stm32.9-2020-q2-update.win32_1.5.0.202011040924/tools/bin/../lib/gcc/arm-none-eabi/9.3.1/thumb/v6-m/nofp\libgcc.a(_dvmd_tls.o)
 .ARM.attributes
                0x0000000000000310       0x1e c:/st/stm32cubeide_1.6.1/stm32cubeide/plugins/com.st.stm32cube.ide.mcu.externaltools.gnu-tools-for-stm32.9-2020-q2-update.win32_1.5.0.202011040924/tools/bin/../lib/gcc/arm-none-eabi/9.3.1/thumb/v6-m/nofp/crtn.o
OUTPUT(THE_BRAWN_alpha.elf elf32-littlearm)
LOAD linker stubs
LOAD c:/st/stm32cubeide_1.6.1/stm32cubeide/plugins/com.st.stm32cube.ide.mcu.externaltools.gnu-tools-for-stm32.9-2020-q2-update.win32_1.5.0.202011040924/tools/bin/../lib/gcc/arm-none-eabi/9.3.1/../../../../arm-none-eabi/lib/thumb/v6-m/nofp\libc.a
LOAD c:/st/stm32cubeide_1.6.1/stm32cubeide/plugins/com.st.stm32cube.ide.mcu.externaltools.gnu-tools-for-stm32.9-2020-q2-update.win32_1.5.0.202011040924/tools/bin/../lib/gcc/arm-none-eabi/9.3.1/../../../../arm-none-eabi/lib/thumb/v6-m/nofp\libm.a
LOAD c:/st/stm32cubeide_1.6.1/stm32cubeide/plugins/com.st.stm32cube.ide.mcu.externaltools.gnu-tools-for-stm32.9-2020-q2-update.win32_1.5.0.202011040924/tools/bin/../lib/gcc/arm-none-eabi/9.3.1/thumb/v6-m/nofp\libgcc.a

.debug_info     0x0000000000000000     0x6b6e
 .debug_info    0x0000000000000000      0x939 Core/Src/ADC.o
 .debug_info    0x0000000000000939      0x3e0 Core/Src/CLK.o
 .debug_info    0x0000000000000d19      0x7f2 Core/Src/Core.o
 .debug_info    0x000000000000150b      0x990 Core/Src/GPIO.o
 .debug_info    0x0000000000001e9b      0x621 Core/Src/Motor.o
 .debug_info    0x00000000000024bc      0x5f3 Core/Src/Radio.o
 .debug_info    0x0000000000002aaf      0x60d Core/Src/System.o
 .debug_info    0x00000000000030bc      0x9db Core/Src/TIM.o
 .debug_info    0x0000000000003a97     0x126b Core/Src/UART.o
 .debug_info    0x0000000000004d02      0x533 Core/Src/main.o
 .debug_info    0x0000000000005235      0x363 Core/Src/system_stm32l0xx.o
 .debug_info    0x0000000000005598       0x22 Core/Startup/startup_stm32l010k4tx.o
 .debug_info    0x00000000000055ba      0xe01 Drivers/STM32L0xx_HAL_Driver/Src/stm32l0xx_hal_adc.o
 .debug_info    0x00000000000063bb      0x7b3 Drivers/STM32L0xx_HAL_Driver/Src/stm32l0xx_hal_cortex.o

.debug_abbrev   0x0000000000000000     0x1ae5
 .debug_abbrev  0x0000000000000000      0x1ff Core/Src/ADC.o
 .debug_abbrev  0x00000000000001ff      0x15b Core/Src/CLK.o
 .debug_abbrev  0x000000000000035a      0x29d Core/Src/Core.o
 .debug_abbrev  0x00000000000005f7      0x238 Core/Src/GPIO.o
 .debug_abbrev  0x000000000000082f      0x1ee Core/Src/Motor.o
 .debug_abbrev  0x0000000000000a1d      0x1f6 Core/Src/Radio.o
 .debug_abbrev  0x0000000000000c13      0x204 Core/Src/System.o
 .debug_abbrev  0x0000000000000e17      0x264 Core/Src/TIM.o
 .debug_abbrev  0x000000000000107b      0x32b Core/Src/UART.o
 .debug_abbrev  0x00000000000013a6      0x13b Core/Src/main.o
 .debug_abbrev  0x00000000000014e1      0x145 Core/Src/system_stm32l0xx.o
 .debug_abbrev  0x0000000000001626       0x12 Core/Startup/startup_stm32l010k4tx.o
 .debug_abbrev  0x0000000000001638      0x222 Drivers/STM32L0xx_HAL_Driver/Src/stm32l0xx_hal_adc.o
 .debug_abbrev  0x000000000000185a      0x28b Drivers/STM32L0xx_HAL_Driver/Src/stm32l0xx_hal_cortex.o

.debug_aranges  0x0000000000000000      0x610
 .debug_aranges
                0x0000000000000000       0x58 Core/Src/ADC.o
 .debug_aranges
                0x0000000000000058       0x48 Core/Src/CLK.o
 .debug_aranges
                0x00000000000000a0       0x88 Core/Src/Core.o
 .debug_aranges
                0x0000000000000128       0x78 Core/Src/GPIO.o
 .debug_aranges
                0x00000000000001a0       0x68 Core/Src/Motor.o
 .debug_aranges
                0x0000000000000208       0x48 Core/Src/Radio.o
 .debug_aranges
                0x0000000000000250       0x50 Core/Src/System.o
 .debug_aranges
                0x00000000000002a0       0xa8 Core/Src/TIM.o
 .debug_aranges
                0x0000000000000348       0x98 Core/Src/UART.o
 .debug_aranges
                0x00000000000003e0       0x20 Core/Src/main.o
 .debug_aranges
                0x0000000000000400       0x28 Core/Src/system_stm32l0xx.o
 .debug_aranges
                0x0000000000000428       0x28 Core/Startup/startup_stm32l010k4tx.o
 .debug_aranges
                0x0000000000000450      0x100 Drivers/STM32L0xx_HAL_Driver/Src/stm32l0xx_hal_adc.o
 .debug_aranges
                0x0000000000000550       0xc0 Drivers/STM32L0xx_HAL_Driver/Src/stm32l0xx_hal_cortex.o

.debug_ranges   0x0000000000000000      0x538
 .debug_ranges  0x0000000000000000       0x48 Core/Src/ADC.o
 .debug_ranges  0x0000000000000048       0x38 Core/Src/CLK.o
 .debug_ranges  0x0000000000000080       0x78 Core/Src/Core.o
 .debug_ranges  0x00000000000000f8       0x68 Core/Src/GPIO.o
 .debug_ranges  0x0000000000000160       0x58 Core/Src/Motor.o
 .debug_ranges  0x00000000000001b8       0x38 Core/Src/Radio.o
 .debug_ranges  0x00000000000001f0       0x40 Core/Src/System.o
 .debug_ranges  0x0000000000000230       0x98 Core/Src/TIM.o
 .debug_ranges  0x00000000000002c8       0x88 Core/Src/UART.o
 .debug_ranges  0x0000000000000350       0x10 Core/Src/main.o
 .debug_ranges  0x0000000000000360       0x18 Core/Src/system_stm32l0xx.o
 .debug_ranges  0x0000000000000378       0x20 Core/Startup/startup_stm32l010k4tx.o
 .debug_ranges  0x0000000000000398       0xf0 Drivers/STM32L0xx_HAL_Driver/Src/stm32l0xx_hal_adc.o
 .debug_ranges  0x0000000000000488       0xb0 Drivers/STM32L0xx_HAL_Driver/Src/stm32l0xx_hal_cortex.o

.debug_macro    0x0000000000000000    0x113cb
 .debug_macro   0x0000000000000000      0x23a Core/Src/ADC.o
 .debug_macro   0x000000000000023a      0xa7e Core/Src/ADC.o
 .debug_macro   0x0000000000000cb8       0x22 Core/Src/ADC.o
 .debug_macro   0x0000000000000cda       0x8e Core/Src/ADC.o
 .debug_macro   0x0000000000000d68       0x51 Core/Src/ADC.o
 .debug_macro   0x0000000000000db9      0x103 Core/Src/ADC.o
 .debug_macro   0x0000000000000ebc       0x6a Core/Src/ADC.o
 .debug_macro   0x0000000000000f26      0x1df Core/Src/ADC.o
 .debug_macro   0x0000000000001105       0x22 Core/Src/ADC.o
 .debug_macro   0x0000000000001127      0x118 Core/Src/ADC.o
 .debug_macro   0x000000000000123f       0xa1 Core/Src/ADC.o
 .debug_macro   0x00000000000012e0       0x28 Core/Src/ADC.o
 .debug_macro   0x0000000000001308       0x28 Core/Src/ADC.o
 .debug_macro   0x0000000000001330       0x1c Core/Src/ADC.o
 .debug_macro   0x000000000000134c       0x22 Core/Src/ADC.o
 .debug_macro   0x000000000000136e       0xb5 Core/Src/ADC.o
 .debug_macro   0x0000000000001423      0x3ad Core/Src/ADC.o
 .debug_macro   0x00000000000017d0     0x78b6 Core/Src/ADC.o
 .debug_macro   0x0000000000009086       0x66 Core/Src/ADC.o
 .debug_macro   0x00000000000090ec     0x3555 Core/Src/ADC.o
 .debug_macro   0x000000000000c641      0x174 Core/Src/ADC.o
 .debug_macro   0x000000000000c7b5       0x5b Core/Src/ADC.o
 .debug_macro   0x000000000000c810      0x899 Core/Src/ADC.o
 .debug_macro   0x000000000000d0a9      0x42e Core/Src/ADC.o
 .debug_macro   0x000000000000d4d7      0x13f Core/Src/ADC.o
 .debug_macro   0x000000000000d616       0xf1 Core/Src/ADC.o
 .debug_macro   0x000000000000d707       0x82 Core/Src/ADC.o
 .debug_macro   0x000000000000d789      0x24f Core/Src/ADC.o
 .debug_macro   0x000000000000d9d8       0x28 Core/Src/ADC.o
 .debug_macro   0x000000000000da00      0x4da Core/Src/ADC.o
 .debug_macro   0x000000000000deda       0x65 Core/Src/ADC.o
 .debug_macro   0x000000000000df3f      0x129 Core/Src/ADC.o
 .debug_macro   0x000000000000e068      0x1c6 Core/Src/ADC.o
 .debug_macro   0x000000000000e22e       0xb0 Core/Src/ADC.o
 .debug_macro   0x000000000000e2de       0x16 Core/Src/ADC.o
 .debug_macro   0x000000000000e2f4      0x773 Core/Src/ADC.o
 .debug_macro   0x000000000000ea67       0x6c Core/Src/ADC.o
 .debug_macro   0x000000000000ead3      0x5ba Core/Src/ADC.o
 .debug_macro   0x000000000000f08d       0x44 Core/Src/ADC.o
 .debug_macro   0x000000000000f0d1      0x100 Core/Src/ADC.o
 .debug_macro   0x000000000000f1d1       0x10 Core/Src/ADC.o
 .debug_macro   0x000000000000f1e1      0x22e Core/Src/CLK.o
 .debug_macro   0x000000000000f40f       0x16 Core/Src/CLK.o
 .debug_macro   0x000000000000f425      0x231 Core/Src/Core.o
 .debug_macro   0x000000000000f656       0x22 Core/Src/Core.o
 .debug_macro   0x000000000000f678      0x1f4 Core/Src/GPIO.o
 .debug_macro   0x000000000000f86c       0x1c Core/Src/GPIO.o
 .debug_macro   0x000000000000f888      0x22c Core/Src/Motor.o
 .debug_macro   0x000000000000fab4       0x2e Core/Src/Motor.o
 .debug_macro   0x000000000000fae2       0x1c Core/Src/Motor.o
 .debug_macro   0x000000000000fafe      0x219 Core/Src/Radio.o
 .debug_macro   0x000000000000fd17       0x16 Core/Src/Radio.o
 .debug_macro   0x000000000000fd2d      0x276 Core/Src/System.o
 .debug_macro   0x000000000000ffa3       0x10 Core/Src/System.o
 .debug_macro   0x000000000000ffb3      0x221 Core/Src/TIM.o
 .debug_macro   0x00000000000101d4      0x30b Core/Src/UART.o
 .debug_macro   0x00000000000104df       0x52 Core/Src/UART.o
 .debug_macro   0x0000000000010531       0x18 Core/Src/UART.o
 .debug_macro   0x0000000000010549       0x3c Core/Src/UART.o
 .debug_macro   0x0000000000010585       0x34 Core/Src/UART.o
 .debug_macro   0x00000000000105b9       0x16 Core/Src/UART.o
 .debug_macro   0x00000000000105cf       0x43 Core/Src/UART.o
 .debug_macro   0x0000000000010612       0x34 Core/Src/UART.o
 .debug_macro   0x0000000000010646       0x10 Core/Src/UART.o
 .debug_macro   0x0000000000010656       0x58 Core/Src/UART.o
 .debug_macro   0x00000000000106ae       0x71 Core/Src/UART.o
 .debug_macro   0x000000000001071f       0x1c Core/Src/UART.o
 .debug_macro   0x000000000001073b      0x12a Core/Src/UART.o
 .debug_macro   0x0000000000010865      0x333 Core/Src/UART.o
 .debug_macro   0x0000000000010b98       0x10 Core/Src/UART.o
 .debug_macro   0x0000000000010ba8       0x35 Core/Src/UART.o
 .debug_macro   0x0000000000010bdd       0x20 Core/Src/UART.o
 .debug_macro   0x0000000000010bfd      0x23e Core/Src/main.o
 .debug_macro   0x0000000000010e3b       0x2e Core/Src/main.o
 .debug_macro   0x0000000000010e69       0x34 Core/Src/main.o
 .debug_macro   0x0000000000010e9d      0x1b5 Core/Src/system_stm32l0xx.o
 .debug_macro   0x0000000000011052      0x1c4 Drivers/STM32L0xx_HAL_Driver/Src/stm32l0xx_hal_adc.o
 .debug_macro   0x0000000000011216      0x1b5 Drivers/STM32L0xx_HAL_Driver/Src/stm32l0xx_hal_cortex.o

.debug_line     0x0000000000000000     0x7cf4
 .debug_line    0x0000000000000000      0x854 Core/Src/ADC.o
 .debug_line    0x0000000000000854      0x7fe Core/Src/CLK.o
 .debug_line    0x0000000000001052      0x8fc Core/Src/Core.o
 .debug_line    0x000000000000194e      0x96e Core/Src/GPIO.o
 .debug_line    0x00000000000022bc      0x930 Core/Src/Motor.o
 .debug_line    0x0000000000002bec      0x7d5 Core/Src/Radio.o
 .debug_line    0x00000000000033c1      0x8f7 Core/Src/System.o
 .debug_line    0x0000000000003cb8      0x9eb Core/Src/TIM.o
 .debug_line    0x00000000000046a3      0xbbe Core/Src/UART.o
 .debug_line    0x0000000000005261      0x76d Core/Src/main.o
 .debug_line    0x00000000000059ce      0x786 Core/Src/system_stm32l0xx.o
 .debug_line    0x0000000000006154       0x9b Core/Startup/startup_stm32l010k4tx.o
 .debug_line    0x00000000000061ef     0x1105 Drivers/STM32L0xx_HAL_Driver/Src/stm32l0xx_hal_adc.o
 .debug_line    0x00000000000072f4      0xa00 Drivers/STM32L0xx_HAL_Driver/Src/stm32l0xx_hal_cortex.o

.debug_str      0x0000000000000000    0x68d65
 .debug_str     0x0000000000000000    0x6431d Core/Src/ADC.o
                                      0x64687 (size before relaxing)
 .debug_str     0x000000000006431d      0x1cd Core/Src/CLK.o
                                      0x64241 (size before relaxing)
 .debug_str     0x00000000000644ea      0x446 Core/Src/Core.o
                                      0x64567 (size before relaxing)
 .debug_str     0x0000000000064930      0x27b Core/Src/GPIO.o
                                      0x64515 (size before relaxing)
 .debug_str     0x0000000000064bab      0x217 Core/Src/Motor.o
                                      0x6437e (size before relaxing)
 .debug_str     0x0000000000064dc2       0x63 Core/Src/Radio.o
                                      0x642b6 (size before relaxing)
 .debug_str     0x0000000000064e25      0x207 Core/Src/System.o
                                      0x6438e (size before relaxing)
 .debug_str     0x000000000006502c      0x281 Core/Src/TIM.o
                                      0x6456b (size before relaxing)
 .debug_str     0x00000000000652ad     0x346a Core/Src/UART.o
                                      0x6781d (size before relaxing)
 .debug_str     0x0000000000068717       0x1d Core/Src/main.o
                                      0x64264 (size before relaxing)
 .debug_str     0x0000000000068734       0x61 Core/Src/system_stm32l0xx.o
                                      0x63c6c (size before relaxing)
 .debug_str     0x0000000000068795       0x36 Core/Startup/startup_stm32l010k4tx.o
                                         0x53 (size before relaxing)
 .debug_str     0x00000000000687cb      0x3cc Drivers/STM32L0xx_HAL_Driver/Src/stm32l0xx_hal_adc.o
                                      0x64357 (size before relaxing)
 .debug_str     0x0000000000068b97      0x1ce Drivers/STM32L0xx_HAL_Driver/Src/stm32l0xx_hal_cortex.o
                                      0x63f92 (size before relaxing)

.comment        0x0000000000000000       0x53
 .comment       0x0000000000000000       0x53 Core/Src/ADC.o
                                         0x54 (size before relaxing)
 .comment       0x0000000000000053       0x54 Core/Src/CLK.o
 .comment       0x0000000000000053       0x54 Core/Src/Core.o
 .comment       0x0000000000000053       0x54 Core/Src/GPIO.o
 .comment       0x0000000000000053       0x54 Core/Src/Motor.o
 .comment       0x0000000000000053       0x54 Core/Src/Radio.o
 .comment       0x0000000000000053       0x54 Core/Src/System.o
 .comment       0x0000000000000053       0x54 Core/Src/TIM.o
 .comment       0x0000000000000053       0x54 Core/Src/UART.o
 .comment       0x0000000000000053       0x54 Core/Src/main.o
 .comment       0x0000000000000053       0x54 Core/Src/system_stm32l0xx.o
 .comment       0x0000000000000053       0x54 Drivers/STM32L0xx_HAL_Driver/Src/stm32l0xx_hal_adc.o
 .comment       0x0000000000000053       0x54 Drivers/STM32L0xx_HAL_Driver/Src/stm32l0xx_hal_cortex.o

.debug_frame    0x0000000000000000     0x134c
 .debug_frame   0x0000000000000000      0x104 Core/Src/ADC.o
 .debug_frame   0x0000000000000104       0xb8 Core/Src/CLK.o
 .debug_frame   0x00000000000001bc      0x1a8 Core/Src/Core.o
 .debug_frame   0x0000000000000364      0x18c Core/Src/GPIO.o
 .debug_frame   0x00000000000004f0      0x138 Core/Src/Motor.o
 .debug_frame   0x0000000000000628       0xc8 Core/Src/Radio.o
 .debug_frame   0x00000000000006f0       0xec Core/Src/System.o
 .debug_frame   0x00000000000007dc      0x244 Core/Src/TIM.o
 .debug_frame   0x0000000000000a20      0x208 Core/Src/UART.o
 .debug_frame   0x0000000000000c28       0x2c Core/Src/main.o
 .debug_frame   0x0000000000000c54       0x4c Core/Src/system_stm32l0xx.o
 .debug_frame   0x0000000000000ca0      0x3c0 Drivers/STM32L0xx_HAL_Driver/Src/stm32l0xx_hal_adc.o
 .debug_frame   0x0000000000001060      0x2a0 Drivers/STM32L0xx_HAL_Driver/Src/stm32l0xx_hal_cortex.o
 .debug_frame   0x0000000000001300       0x2c c:/st/stm32cubeide_1.6.1/stm32cubeide/plugins/com.st.stm32cube.ide.mcu.externaltools.gnu-tools-for-stm32.9-2020-q2-update.win32_1.5.0.202011040924/tools/bin/../lib/gcc/arm-none-eabi/9.3.1/../../../../arm-none-eabi/lib/thumb/v6-m/nofp\libc_nano.a(lib_a-init.o)
 .debug_frame   0x000000000000132c       0x20 c:/st/stm32cubeide_1.6.1/stm32cubeide/plugins/com.st.stm32cube.ide.mcu.externaltools.gnu-tools-for-stm32.9-2020-q2-update.win32_1.5.0.202011040924/tools/bin/../lib/gcc/arm-none-eabi/9.3.1/thumb/v6-m/nofp\libgcc.a(_udivsi3.o)
